Archive member included to satisfy reference by file (symbol)

/usr/lib/gcc/avr/4.9.2/../../../avr/lib/avr6/libm.a(acos.o)
                              /tmp/QuadControl.build/libraries/AP_Math/vector2.o (acos)
/usr/lib/gcc/avr/4.9.2/../../../avr/lib/avr6/libm.a(addsf3.o)
                              /tmp/QuadControl.build/QuadControl.o (__subsf3)
/usr/lib/gcc/avr/4.9.2/../../../avr/lib/avr6/libm.a(addsf3x.o)
                              /usr/lib/gcc/avr/4.9.2/../../../avr/lib/avr6/libm.a(acos.o) (__addsf3x)
/usr/lib/gcc/avr/4.9.2/../../../avr/lib/avr6/libm.a(asin.o)
                              /tmp/QuadControl.build/libraries/AP_Math/AP_Math.o (asin)
/usr/lib/gcc/avr/4.9.2/../../../avr/lib/avr6/libm.a(atan2.o)
                              /tmp/QuadControl.build/libraries/AP_AHRS/AP_AHRS_DCM.o (atan2)
/usr/lib/gcc/avr/4.9.2/../../../avr/lib/avr6/libm.a(atan.o)
                              /usr/lib/gcc/avr/4.9.2/../../../avr/lib/avr6/libm.a(atan2.o) (atan)
/usr/lib/gcc/avr/4.9.2/../../../avr/lib/avr6/libm.a(cmpsf2.o)
                              /tmp/QuadControl.build/libraries/AP_AHRS/AP_AHRS_DCM.o (__eqsf2)
/usr/lib/gcc/avr/4.9.2/../../../avr/lib/avr6/libm.a(cos.o)
                              /tmp/QuadControl.build/libraries/AP_AHRS/AP_AHRS_DCM.o (cos)
/usr/lib/gcc/avr/4.9.2/../../../avr/lib/avr6/libm.a(divsf3.o)
                              /tmp/QuadControl.build/QuadControl.o (__divsf3)
/usr/lib/gcc/avr/4.9.2/../../../avr/lib/avr6/libm.a(divsf3x.o)
                              /usr/lib/gcc/avr/4.9.2/../../../avr/lib/avr6/libm.a(divsf3.o) (__divsf3x)
/usr/lib/gcc/avr/4.9.2/../../../avr/lib/avr6/libm.a(exp.o)
                              /tmp/QuadControl.build/libraries/AP_Baro/AP_Baro_HIL.o (exp)
/usr/lib/gcc/avr/4.9.2/../../../avr/lib/avr6/libm.a(fixsfsi.o)
                              /tmp/QuadControl.build/QuadControl.o (__fixsfsi)
/usr/lib/gcc/avr/4.9.2/../../../avr/lib/avr6/libm.a(fixunssfsi.o)
                              /tmp/QuadControl.build/libraries/AP_GPS/AP_GPS.o (__fixunssfsi)
/usr/lib/gcc/avr/4.9.2/../../../avr/lib/avr6/libm.a(floatsisf.o)
                              /tmp/QuadControl.build/QuadControl.o (__floatunsisf)
/usr/lib/gcc/avr/4.9.2/../../../avr/lib/avr6/libm.a(floor.o)
                              /tmp/QuadControl.build/libraries/AP_Declination/AP_Declination.o (floor)
/usr/lib/gcc/avr/4.9.2/../../../avr/lib/avr6/libm.a(fmod.o)
                              /tmp/QuadControl.build/libraries/AP_Math/location.o (fmod)
/usr/lib/gcc/avr/4.9.2/../../../avr/lib/avr6/libm.a(fp_arccos.o)
                              /usr/lib/gcc/avr/4.9.2/../../../avr/lib/avr6/libm.a(acos.o) (__fp_arccos)
/usr/lib/gcc/avr/4.9.2/../../../avr/lib/avr6/libm.a(fp_cmp.o)
                              /usr/lib/gcc/avr/4.9.2/../../../avr/lib/avr6/libm.a(cmpsf2.o) (__fp_cmp)
/usr/lib/gcc/avr/4.9.2/../../../avr/lib/avr6/libm.a(fp_inf.o)
                              /usr/lib/gcc/avr/4.9.2/../../../avr/lib/avr6/libm.a(addsf3x.o) (__fp_inf)
/usr/lib/gcc/avr/4.9.2/../../../avr/lib/avr6/libm.a(fp_mintl.o)
                              /usr/lib/gcc/avr/4.9.2/../../../avr/lib/avr6/libm.a(floor.o) (__fp_mintl)
/usr/lib/gcc/avr/4.9.2/../../../avr/lib/avr6/libm.a(fp_mpack.o)
                              /usr/lib/gcc/avr/4.9.2/../../../avr/lib/avr6/libm.a(floor.o) (__fp_mpack)
/usr/lib/gcc/avr/4.9.2/../../../avr/lib/avr6/libm.a(fp_nan.o)
                              /usr/lib/gcc/avr/4.9.2/../../../avr/lib/avr6/libm.a(addsf3x.o) (__fp_nan)
/usr/lib/gcc/avr/4.9.2/../../../avr/lib/avr6/libm.a(fp_powser.o)
                              /usr/lib/gcc/avr/4.9.2/../../../avr/lib/avr6/libm.a(atan.o) (__fp_powser)
/usr/lib/gcc/avr/4.9.2/../../../avr/lib/avr6/libm.a(fp_powsodd.o)
                              /usr/lib/gcc/avr/4.9.2/../../../avr/lib/avr6/libm.a(asin.o) (__fp_powsodd)
/usr/lib/gcc/avr/4.9.2/../../../avr/lib/avr6/libm.a(fp_pscA.o)
                              /usr/lib/gcc/avr/4.9.2/../../../avr/lib/avr6/libm.a(addsf3x.o) (__fp_pscA)
/usr/lib/gcc/avr/4.9.2/../../../avr/lib/avr6/libm.a(fp_pscB.o)
                              /usr/lib/gcc/avr/4.9.2/../../../avr/lib/avr6/libm.a(addsf3x.o) (__fp_pscB)
/usr/lib/gcc/avr/4.9.2/../../../avr/lib/avr6/libm.a(fp_rempio2.o)
                              /usr/lib/gcc/avr/4.9.2/../../../avr/lib/avr6/libm.a(cos.o) (__fp_rempio2)
/usr/lib/gcc/avr/4.9.2/../../../avr/lib/avr6/libm.a(fp_round.o)
                              /usr/lib/gcc/avr/4.9.2/../../../avr/lib/avr6/libm.a(acos.o) (__fp_round)
/usr/lib/gcc/avr/4.9.2/../../../avr/lib/avr6/libm.a(fp_sinus.o)
                              /usr/lib/gcc/avr/4.9.2/../../../avr/lib/avr6/libm.a(cos.o) (__fp_sinus)
/usr/lib/gcc/avr/4.9.2/../../../avr/lib/avr6/libm.a(fp_split3.o)
                              /usr/lib/gcc/avr/4.9.2/../../../avr/lib/avr6/libm.a(addsf3x.o) (__fp_split3)
/usr/lib/gcc/avr/4.9.2/../../../avr/lib/avr6/libm.a(fp_trunc.o)
[...]
Memory Configuration

Name             Origin             Length             Attributes
text             0x0000000000000000 0x0000000000100000 xr
data             0x0000000000800200 0x000000000000fe00 rw !x
eeprom           0x0000000000810000 0x0000000000010000 rw !x
fuse             0x0000000000820000 0x0000000000000400 rw !x
lock             0x0000000000830000 0x0000000000000400 rw !x
signature        0x0000000000840000 0x0000000000000400 rw !x
user_signatures  0x0000000000850000 0x0000000000000400 rw !x
*default*        0x0000000000000000 0xffffffffffffffff

Linker script and memory map

Address of section .data set to 0x800200
LOAD /usr/lib/gcc/avr/4.9.2/../../../avr/lib/avr6/crtatmega2560.o
LOAD /tmp/QuadControl.build/QuadControl.o
LOAD /tmp/QuadControl.build/libraries/AP_ADC/AP_ADC.o
LOAD /tmp/QuadControl.build/libraries/AP_ADC/AP_ADC_HIL.o
LOAD /tmp/QuadControl.build/libraries/AP_ADC/AP_ADC_ADS7844.o
LOAD /tmp/QuadControl.build/libraries/AP_ADC_AnalogSource/AP_ADC_AnalogSource.o
LOAD /tmp/QuadControl.build/libraries/AP_AHRS/AP_AHRS_DCM.o
LOAD /tmp/QuadControl.build/libraries/AP_AHRS/AP_AHRS.o
LOAD /tmp/QuadControl.build/libraries/AP_AHRS/AP_AHRS_NavEKF.o
LOAD /tmp/QuadControl.build/libraries/AP_Airspeed/AP_Airspeed_I2C.o
LOAD /tmp/QuadControl.build/libraries/AP_Airspeed/Airspeed_Calibration.o
LOAD /tmp/QuadControl.build/libraries/AP_Airspeed/AP_Airspeed_analog.o
LOAD /tmp/QuadControl.build/libraries/AP_Airspeed/AP_Airspeed.o
LOAD /tmp/QuadControl.build/libraries/AP_Airspeed/AP_Airspeed_PX4.o
LOAD /tmp/QuadControl.build/libraries/AP_Baro/AP_Baro_HIL.o
LOAD /tmp/QuadControl.build/libraries/AP_Baro/AP_Baro_PX4.o
LOAD /tmp/QuadControl.build/libraries/AP_Baro/AP_Baro_MS5611.o
LOAD /tmp/QuadControl.build/libraries/AP_Baro/AP_Baro.o
LOAD /tmp/QuadControl.build/libraries/AP_Baro/AP_Baro_Glitch.o
LOAD /tmp/QuadControl.build/libraries/AP_Baro/AP_Baro_BMP085.o
LOAD /tmp/QuadControl.build/libraries/AP_Baro/AP_Baro_VRBRAIN.o
LOAD /tmp/QuadControl.build/libraries/AP_Common/AP_Common.o
LOAD /tmp/QuadControl.build/libraries/AP_Common/c++.o
LOAD /tmp/QuadControl.build/libraries/AP_Compass/Compass_learn.o
LOAD /tmp/QuadControl.build/libraries/AP_Compass/AP_Compass_VRBRAIN.o
LOAD /tmp/QuadControl.build/libraries/AP_Compass/AP_Compass_HIL.o
LOAD /tmp/QuadControl.build/libraries/AP_Compass/AP_Compass_HMC5843.o
LOAD /tmp/QuadControl.build/libraries/AP_Compass/AP_Compass_PX4.o
LOAD /tmp/QuadControl.build/libraries/AP_Compass/Compass.o
LOAD /tmp/QuadControl.build/libraries/AP_Declination/AP_Declination.o
LOAD /tmp/QuadControl.build/libraries/AP_GPS/AP_GPS_UBLOX.o
LOAD /tmp/QuadControl.build/libraries/AP_GPS/AP_GPS_Glitch.o
LOAD /tmp/QuadControl.build/libraries/AP_GPS/AP_GPS_NMEA.o
LOAD /tmp/QuadControl.build/libraries/AP_GPS/AP_GPS_SIRF.o
LOAD /tmp/QuadControl.build/libraries/AP_GPS/GPS_Backend.o
LOAD /tmp/QuadControl.build/libraries/AP_GPS/AP_GPS_SBP.o
LOAD /tmp/QuadControl.build/libraries/AP_GPS/AP_GPS.o
LOAD /tmp/QuadControl.build/libraries/AP_GPS/AP_GPS_MTK19.o
LOAD /tmp/QuadControl.build/libraries/AP_GPS/AP_GPS_MTK.o
LOAD /tmp/QuadControl.build/libraries/AP_HAL/UARTDriver.o
LOAD /tmp/QuadControl.build/libraries/AP_HAL/Util.o
LOAD /tmp/QuadControl.build/libraries/AP_HAL_AVR/AnalogIn_ADC.o
LOAD /tmp/QuadControl.build/libraries/AP_HAL_AVR/GPIO.o
LOAD /tmp/QuadControl.build/libraries/AP_HAL_AVR/Scheduler.o
LOAD /tmp/QuadControl.build/libraries/AP_HAL_AVR/Semaphores.o
LOAD /tmp/QuadControl.build/libraries/AP_HAL_AVR/SPIDevice_SPI2.o
LOAD /tmp/QuadControl.build/libraries/AP_HAL_AVR/UARTDriver.o
LOAD /tmp/QuadControl.build/libraries/AP_HAL_AVR/memcheck.o
LOAD /tmp/QuadControl.build/libraries/AP_HAL_AVR/I2CDriver.o
LOAD /tmp/QuadControl.build/libraries/AP_HAL_AVR/RCOutput_APM2.o
LOAD /tmp/QuadControl.build/libraries/AP_HAL_AVR/Scheduler_Timer.o
LOAD /tmp/QuadControl.build/libraries/AP_HAL_AVR/RCOutput_APM1.o
LOAD /tmp/QuadControl.build/libraries/AP_HAL_AVR/HAL_AVR_APM2_Class.o
LOAD /tmp/QuadControl.build/libraries/AP_HAL_AVR/RCInput_APM1.o
LOAD /tmp/QuadControl.build/libraries/AP_HAL_AVR/RCInput_APM2.o
LOAD /tmp/QuadControl.build/libraries/AP_HAL_AVR/HAL_AVR_APM1_Class.o
LOAD /tmp/QuadControl.build/libraries/AP_HAL_AVR/SPIDeviceManager_APM2.o
LOAD /tmp/QuadControl.build/libraries/AP_HAL_AVR/SPIDevice_SPI0.o
LOAD /tmp/QuadControl.build/libraries/AP_HAL_AVR/SPIDevice_SPI3.o
LOAD /tmp/QuadControl.build/libraries/AP_HAL_AVR/AnalogIn_Common.o
LOAD /tmp/QuadControl.build/libraries/AP_HAL_AVR/Storage.o
LOAD /tmp/QuadControl.build/libraries/AP_HAL_AVR/SPIDeviceManager_APM1.o
LOAD /tmp/QuadControl.build/libraries/AP_HAL_AVR_SITL/SITL_State.o
LOAD /tmp/QuadControl.build/libraries/AP_HAL_AVR_SITL/UARTDriver.o
LOAD /tmp/QuadControl.build/libraries/AP_HAL_AVR_SITL/Storage.o
LOAD /tmp/QuadControl.build/libraries/AP_HAL_AVR_SITL/RCOutput.o
LOAD /tmp/QuadControl.build/libraries/AP_HAL_AVR_SITL/sitl_ins.o
LOAD /tmp/QuadControl.build/libraries/AP_HAL_AVR_SITL/Scheduler.o
LOAD /tmp/QuadControl.build/libraries/AP_HAL_AVR_SITL/sitl_gps.o
LOAD /tmp/QuadControl.build/libraries/AP_HAL_AVR_SITL/sitl_compass.o
LOAD /tmp/QuadControl.build/libraries/AP_HAL_AVR_SITL/HAL_AVR_SITL_Class.o
LOAD /tmp/QuadControl.build/libraries/AP_HAL_AVR_SITL/AnalogIn.o
LOAD /tmp/QuadControl.build/libraries/AP_HAL_AVR_SITL/sitl_barometer.o
LOAD /tmp/QuadControl.build/libraries/AP_HAL_AVR_SITL/RCInput.o
LOAD /tmp/QuadControl.build/libraries/AP_HAL_Empty/GPIO.o
LOAD /tmp/QuadControl.build/libraries/AP_HAL_Empty/Semaphores.o
LOAD /tmp/QuadControl.build/libraries/AP_HAL_Empty/UARTDriver.o
LOAD /tmp/QuadControl.build/libraries/AP_HAL_Empty/Storage.o
LOAD /tmp/QuadControl.build/libraries/AP_HAL_Empty/PrivateMember.o
LOAD /tmp/QuadControl.build/libraries/AP_HAL_Empty/I2CDriver.o
LOAD /tmp/QuadControl.build/libraries/AP_HAL_Empty/SPIDriver.o
LOAD /tmp/QuadControl.build/libraries/AP_HAL_Empty/RCOutput.o
LOAD /tmp/QuadControl.build/libraries/AP_HAL_Empty/Scheduler.o
LOAD /tmp/QuadControl.build/libraries/AP_HAL_Empty/AnalogIn.o
LOAD /tmp/QuadControl.build/libraries/AP_HAL_Empty/RCInput.o
LOAD /tmp/QuadControl.build/libraries/AP_HAL_Empty/HAL_Empty_Class.o
LOAD /tmp/QuadControl.build/libraries/AP_HAL_FLYMAPLE/GPIO.o
LOAD /tmp/QuadControl.build/libraries/AP_HAL_FLYMAPLE/Semaphores.o
LOAD /tmp/QuadControl.build/libraries/AP_HAL_FLYMAPLE/AnalogSource.o
LOAD /tmp/QuadControl.build/libraries/AP_HAL_FLYMAPLE/UARTDriver.o
LOAD /tmp/QuadControl.build/libraries/AP_HAL_FLYMAPLE/Storage.o
LOAD /tmp/QuadControl.build/libraries/AP_HAL_FLYMAPLE/HAL_FLYMAPLE_Class.o
LOAD /tmp/QuadControl.build/libraries/AP_HAL_FLYMAPLE/I2CDriver.o
LOAD /tmp/QuadControl.build/libraries/AP_HAL_FLYMAPLE/SPIDriver.o
LOAD /tmp/QuadControl.build/libraries/AP_HAL_FLYMAPLE/RCOutput.o
LOAD /tmp/QuadControl.build/libraries/AP_HAL_FLYMAPLE/Scheduler.o
LOAD /tmp/QuadControl.build/libraries/AP_HAL_FLYMAPLE/AnalogIn.o
LOAD /tmp/QuadControl.build/libraries/AP_HAL_FLYMAPLE/RCInput.o
LOAD /tmp/QuadControl.build/libraries/AP_HAL_Linux/GPIO.o
LOAD /tmp/QuadControl.build/libraries/AP_HAL_Linux/HAL_Linux_Class.o
LOAD /tmp/QuadControl.build/libraries/AP_HAL_Linux/Semaphores.o
LOAD /tmp/QuadControl.build/libraries/AP_HAL_Linux/UARTDriver.o
LOAD /tmp/QuadControl.build/libraries/AP_HAL_Linux/Storage.o
LOAD /tmp/QuadControl.build/libraries/AP_HAL_Linux/I2CDriver.o
LOAD /tmp/QuadControl.build/libraries/AP_HAL_Linux/SPIDriver.o
LOAD /tmp/QuadControl.build/libraries/AP_HAL_Linux/RCOutput.o
LOAD /tmp/QuadControl.build/libraries/AP_HAL_Linux/Scheduler.o
LOAD /tmp/QuadControl.build/libraries/AP_HAL_Linux/AnalogIn.o
LOAD /tmp/QuadControl.build/libraries/AP_HAL_Linux/Util.o
LOAD /tmp/QuadControl.build/libraries/AP_HAL_Linux/RCInput.o
LOAD /tmp/QuadControl.build/libraries/AP_HAL_PX4/GPIO.o
LOAD /tmp/QuadControl.build/libraries/AP_HAL_PX4/Scheduler.o
LOAD /tmp/QuadControl.build/libraries/AP_HAL_PX4/RCOutput.o
LOAD /tmp/QuadControl.build/libraries/AP_HAL_PX4/UARTDriver.o
LOAD /tmp/QuadControl.build/libraries/AP_HAL_PX4/Storage.o
LOAD /tmp/QuadControl.build/libraries/AP_HAL_PX4/HAL_PX4_Class.o
LOAD /tmp/QuadControl.build/libraries/AP_HAL_PX4/AnalogIn.o
LOAD /tmp/QuadControl.build/libraries/AP_HAL_PX4/Util.o
LOAD /tmp/QuadControl.build/libraries/AP_HAL_PX4/RCInput.o
LOAD /tmp/QuadControl.build/libraries/AP_InertialSensor/AP_InertialSensor_Oilpan.o
LOAD /tmp/QuadControl.build/libraries/AP_InertialSensor/AP_InertialSensor_Backend.o
LOAD /tmp/QuadControl.build/libraries/AP_InertialSensor/AP_InertialSensor_HIL.o
LOAD /tmp/QuadControl.build/libraries/AP_InertialSensor/AP_InertialSensor_LSM303D.o
LOAD /tmp/QuadControl.build/libraries/AP_InertialSensor/AP_InertialSensor_MPU9250.o
LOAD /tmp/QuadControl.build/libraries/AP_InertialSensor/AP_InertialSensor_MPU6000.o
LOAD /tmp/QuadControl.build/libraries/AP_InertialSensor/AP_InertialSensor_MPU9150.o
LOAD /tmp/QuadControl.build/libraries/AP_InertialSensor/AP_InertialSensor_L3GD20.o
LOAD /tmp/QuadControl.build/libraries/AP_InertialSensor/AP_InertialSensor_UserInteract_Stream.o
LOAD /tmp/QuadControl.build/libraries/AP_InertialSensor/AP_InertialSensor_VRBRAIN.o
LOAD /tmp/QuadControl.build/libraries/AP_InertialSensor/AP_InertialSensor_L3G4200D.o
LOAD /tmp/QuadControl.build/libraries/AP_InertialSensor/AP_InertialSensor.o
LOAD /tmp/QuadControl.build/libraries/AP_InertialSensor/AP_InertialSensor_Flymaple.o
LOAD /tmp/QuadControl.build/libraries/AP_InertialSensor/AP_InertialSensor_UserInteract_MAVLink.o
LOAD /tmp/QuadControl.build/libraries/AP_InertialSensor/AP_InertialSensor_LSM9DS0.o
LOAD /tmp/QuadControl.build/libraries/AP_InertialSensor/AP_InertialSensor_PX4.o
LOAD /tmp/QuadControl.build/libraries/AP_Math/quaternion.o
LOAD /tmp/QuadControl.build/libraries/AP_Math/vector2.o
LOAD /tmp/QuadControl.build/libraries/AP_Math/polygon.o
LOAD /tmp/QuadControl.build/libraries/AP_Math/matrix3.o
LOAD /tmp/QuadControl.build/libraries/AP_Math/edc.o
LOAD /tmp/QuadControl.build/libraries/AP_Math/AP_Math.o
LOAD /tmp/QuadControl.build/libraries/AP_Math/vector3.o
LOAD /tmp/QuadControl.build/libraries/AP_Math/location.o
LOAD /tmp/QuadControl.build/libraries/AP_Mission/AP_Mission.o
LOAD /tmp/QuadControl.build/libraries/AP_NavEKF/AP_NavEKF.o
LOAD /tmp/QuadControl.build/libraries/AP_Notify/ToneAlarm_PX4.o
LOAD /tmp/QuadControl.build/libraries/AP_Notify/ExternalLED.o
LOAD /tmp/QuadControl.build/libraries/AP_Notify/ToshibaLED.o
LOAD /tmp/QuadControl.build/libraries/AP_Notify/Buzzer.o
LOAD /tmp/QuadControl.build/libraries/AP_Notify/AP_BoardLED.o
LOAD /tmp/QuadControl.build/libraries/AP_Notify/ToshibaLED_PX4.o
LOAD /tmp/QuadControl.build/libraries/AP_Notify/AP_Notify.o
LOAD /tmp/QuadControl.build/libraries/AP_Notify/ToshibaLED_I2C.o
LOAD /tmp/QuadControl.build/libraries/AP_Param/AP_Param.o
LOAD /tmp/QuadControl.build/libraries/AP_Progmem/AP_Progmem_AVR.o
LOAD /tmp/QuadControl.build/libraries/AP_Rally/AP_Rally.o
LOAD /tmp/QuadControl.build/libraries/AP_Scheduler/AP_Scheduler.o
LOAD /tmp/QuadControl.build/libraries/AP_Terrain/TerrainIO.o
LOAD /tmp/QuadControl.build/libraries/AP_Terrain/TerrainMission.o
LOAD /tmp/QuadControl.build/libraries/AP_Terrain/TerrainGCS.o
LOAD /tmp/QuadControl.build/libraries/AP_Terrain/AP_Terrain.o
LOAD /tmp/QuadControl.build/libraries/AP_Terrain/TerrainUtil.o
LOAD /tmp/QuadControl.build/libraries/DataFlash/LogFile.o
LOAD /tmp/QuadControl.build/libraries/DataFlash/DataFlash_APM1.o
LOAD /tmp/QuadControl.build/libraries/DataFlash/DataFlash_SITL.o
LOAD /tmp/QuadControl.build/libraries/DataFlash/DataFlash_Block.o
LOAD /tmp/QuadControl.build/libraries/DataFlash/DataFlash_Empty.o
LOAD /tmp/QuadControl.build/libraries/DataFlash/DataFlash_File.o
LOAD /tmp/QuadControl.build/libraries/DataFlash/DataFlash_APM2.o
LOAD /tmp/QuadControl.build/libraries/Filter/LowPassFilter2p.o
LOAD /tmp/QuadControl.build/libraries/Filter/DerivativeFilter.o
LOAD /tmp/QuadControl.build/libraries/GCS_MAVLink/GCS_Common.o
LOAD /tmp/QuadControl.build/libraries/GCS_MAVLink/GCS_serial_control.o
LOAD /tmp/QuadControl.build/libraries/GCS_MAVLink/GCS_MAVLink.o
LOAD /tmp/QuadControl.build/libraries/GCS_MAVLink/GCS_Logs.o
LOAD /tmp/QuadControl.build/libraries/PID/PID.o
LOAD /tmp/QuadControl.build/libraries/StorageManager/StorageManager.o
LOAD /tmp/QuadControl.build/libraries/AP_HAL/utility/utoa_invert.o
LOAD /tmp/QuadControl.build/libraries/AP_HAL/utility/Print.o
LOAD /tmp/QuadControl.build/libraries/AP_HAL/utility/print_vprintf.o
LOAD /tmp/QuadControl.build/libraries/AP_HAL/utility/ftoa_engine.o
LOAD /tmp/QuadControl.build/libraries/AP_HAL_AVR/utility/pins_arduino_mega.o
LOAD /tmp/QuadControl.build/libraries/AP_HAL_AVR/utility/ISRRegistry.o
LOAD /tmp/QuadControl.build/libraries/AP_HAL_FLYMAPLE/utility/flash_stm32.o
LOAD /tmp/QuadControl.build/libraries/AP_HAL_FLYMAPLE/utility/EEPROM.o
LOAD /usr/lib/gcc/avr/4.9.2/../../../avr/lib/avr6/libm.a
START GROUP
LOAD /usr/lib/gcc/avr/4.9.2/avr6/libgcc.a
LOAD /usr/lib/gcc/avr/4.9.2/../../../avr/lib/avr6/libm.a
LOAD /usr/lib/gcc/avr/4.9.2/../../../avr/lib/avr6/libc.a
LOAD /usr/lib/gcc/avr/4.9.2/../../../avr/lib/avr6/libatmega2560.a
END GROUP

.hash
 *(.hash)

.dynsym
 *(.dynsym)

.dynstr
 *(.dynstr)

.gnu.version
 *(.gnu.version)

.gnu.version_d
 *(.gnu.version_d)

.gnu.version_r
 *(.gnu.version_r)

.rel.init
 *(.rel.init)

.rela.init
 *(.rela.init)

.rel.text
 *(.rel.text)
 *(.rel.text.*)
 *(.rel.gnu.linkonce.t*)

.rela.text
 *(.rela.text)
 *(.rela.text.*)
 *(.rela.gnu.linkonce.t*)

.rel.fini
 *(.rel.fini)

.rela.fini
 *(.rela.fini)

.rel.rodata
 *(.rel.rodata)
 *(.rel.rodata.*)
 *(.rel.gnu.linkonce.r*)

.rela.rodata
 *(.rela.rodata)
 *(.rela.rodata.*)
 *(.rela.gnu.linkonce.r*)

.rel.data
 *(.rel.data)
 *(.rel.data.*)
 *(.rel.gnu.linkonce.d*)

.rela.data
 *(.rela.data)
 *(.rela.data.*)
 *(.rela.gnu.linkonce.d*)

.rel.ctors
 *(.rel.ctors)

.rela.ctors
 *(.rela.ctors)

.rel.dtors
 *(.rel.dtors)

.rela.dtors
 *(.rela.dtors)

.rel.got
 *(.rel.got)

.rela.got
 *(.rela.got)

.rel.bss
 *(.rel.bss)

.rela.bss
 *(.rela.bss)

.rel.plt
 *(.rel.plt)

.rela.plt
 *(.rela.plt)

.text           0x0000000000000000     0xf1d8
 *(.vectors)
 .vectors       0x0000000000000000       0xe4 /usr/lib/gcc/avr/4.9.2/../../../avr/lib/avr6/crtatmega2560.o
                0x0000000000000000                __vectors
                0x0000000000000000                __vector_default
 *(.vectors)
 *(.progmem.gcc*)
 .progmem.gcc_sw_table._ZN10AP_HAL_AVR12APM2RCOutput8get_freqEh
                0x00000000000000e4       0x16 /tmp/QuadControl.build/libraries/AP_HAL_AVR/RCOutput_APM2.o
 .progmem.gcc_sw_table._ZN10AP_HAL_AVR12APM2RCOutput9enable_chEh
                0x00000000000000fa       0x16 /tmp/QuadControl.build/libraries/AP_HAL_AVR/RCOutput_APM2.o
 .progmem.gcc_sw_table._ZN10AP_HAL_AVR12APM2RCOutput10disable_chEh
                0x0000000000000110       0x16 /tmp/QuadControl.build/libraries/AP_HAL_AVR/RCOutput_APM2.o
 .progmem.gcc_sw_table._ZN10AP_HAL_AVR12APM2RCOutput5writeEhj
                0x0000000000000126       0x16 /tmp/QuadControl.build/libraries/AP_HAL_AVR/RCOutput_APM2.o
 .progmem.gcc_sw_table._ZN10AP_HAL_AVR12APM2RCOutput4readEh
                0x000000000000013c       0x16 /tmp/QuadControl.build/libraries/AP_HAL_AVR/RCOutput_APM2.o
 .progmem.gcc_sw_table._ZN7Vector3IfE6rotateE8Rotation
                0x0000000000000152       0x4c /tmp/QuadControl.build/libraries/AP_Math/vector3.o
 .progmem.gcc_fplib
                0x000000000000019e       0x14 /usr/lib/gcc/avr/4.9.2/../../../avr/lib/avr6/libm.a(asin.o)
 .progmem.gcc_fplib
                0x00000000000001b2       0x2d /usr/lib/gcc/avr/4.9.2/../../../avr/lib/avr6/libm.a(atan.o)
 .progmem.gcc_fplib
                0x00000000000001df       0x28 /usr/lib/gcc/avr/4.9.2/../../../avr/lib/avr6/libm.a(fp_arccos.o)
 .progmem.gcc_fplib
                0x0000000000000207       0x1e /usr/lib/gcc/avr/4.9.2/../../../avr/lib/avr6/libm.a(fp_sinus.o)
 .progmem.gcc_fplib
                0x0000000000000225       0x5a /usr/lib/gcc/avr/4.9.2/../../../avr/lib/avr6/libm.a(log.o)
                0x0000000000000280                . = ALIGN (0x2)
 *fill*         0x000000000000027f        0x1 
                0x0000000000000280                __trampolines_start = .
 *(.trampolines)
 .trampolines   0x0000000000000280        0x0 linker stubs
 *(.trampolines*)
                0x0000000000000280                __trampolines_end = .
 *(.progmem*)
 .progmem.data  0x0000000000000280       0xfa /tmp/QuadControl.build/libraries/AP_AHRS/AP_AHRS.o
                0x0000000000000280                _ZN7AP_AHRS8var_infoE
 .progmem.data  0x000000000000037a      0x164 /tmp/QuadControl.build/libraries/AP_Baro/AP_Baro_MS5611.o
 .progmem.data  0x00000000000004de      0x15a /tmp/QuadControl.build/libraries/AP_Baro/AP_Baro.o
                0x00000000000005d4                _ZN7AP_Baro8var_infoE
 .progmem.data  0x0000000000000638       0xe3 /tmp/QuadControl.build/libraries/AP_GPS/AP_GPS.o
                0x000000000000065c                _ZN6AP_GPS20_initialisation_blobE
                0x00000000000006bc                _ZN6AP_GPS10_baudratesE
                0x00000000000006d0                _ZN6AP_GPS8var_infoE
 .progmem.data  0x000000000000071b       0x54 /tmp/QuadControl.build/libraries/AP_HAL_AVR/Scheduler.o
 .progmem.data  0x000000000000076f       0x39 /tmp/QuadControl.build/libraries/AP_HAL_AVR/Semaphores.o
 .progmem.data  0x00000000000007a8       0x3b /tmp/QuadControl.build/libraries/AP_HAL_AVR/SPIDevice_SPI0.o
 .progmem.data  0x00000000000007e3       0x31 /tmp/QuadControl.build/libraries/AP_HAL_AVR/AnalogIn_Common.o
 .progmem.data  0x0000000000000814       0x90 /tmp/QuadControl.build/libraries/AP_InertialSensor/AP_InertialSensor_MPU6000.o
 .progmem.data  0x00000000000008a4      0x1fa /tmp/QuadControl.build/libraries/AP_InertialSensor/AP_InertialSensor.o
                0x0000000000000a08                _ZN17AP_InertialSensor8var_infoE
 .progmem.data  0x0000000000000a9e       0x60 /tmp/QuadControl.build/libraries/AP_Param/AP_Param.o
 .progmem.data  0x0000000000000afe       0x7d /tmp/QuadControl.build/libraries/PID/PID.o
                0x0000000000000afe                _ZN3PID8var_infoE
 .progmem.data  0x0000000000000b7b       0x30 /tmp/QuadControl.build/libraries/StorageManager/StorageManager.o
                0x0000000000000b7b                _ZN14StorageManager13layout_copterE
                0x0000000000000b93                _ZN14StorageManager14layout_defaultE
 .progmem.data  0x0000000000000bab        0x8 /tmp/QuadControl.build/libraries/AP_HAL/utility/print_vprintf.o
 .progmem.data  0x0000000000000bb3       0xa0 /tmp/QuadControl.build/libraries/AP_HAL/utility/ftoa_engine.o
 .progmem.data.digital_pin_to_bit_mask_PGM
                0x0000000000000c53       0x47 /tmp/QuadControl.build/libraries/AP_HAL_AVR/utility/pins_arduino_mega.o
                0x0000000000000c53                digital_pin_to_bit_mask_PGM
 .progmem.data.digital_pin_to_port_PGM
                0x0000000000000c9a       0x47 /tmp/QuadControl.build/libraries/AP_HAL_AVR/utility/pins_arduino_mega.o
                0x0000000000000c9a                digital_pin_to_port_PGM
 .progmem.data.port_to_input_PGM
                0x0000000000000ce1       0x1a /tmp/QuadControl.build/libraries/AP_HAL_AVR/utility/pins_arduino_mega.o
                0x0000000000000ce1                port_to_input_PGM
 .progmem.data.port_to_output_PGM
                0x0000000000000cfb       0x1a /tmp/QuadControl.build/libraries/AP_HAL_AVR/utility/pins_arduino_mega.o
                0x0000000000000cfb                port_to_output_PGM
 .progmem.data.port_to_mode_PGM
                0x0000000000000d15       0x1a /tmp/QuadControl.build/libraries/AP_HAL_AVR/utility/pins_arduino_mega.o
                0x0000000000000d15                port_to_mode_PGM
                0x0000000000000d30                . = ALIGN (0x2)
 *fill*         0x0000000000000d2f        0x1 
 *(.jumptables)
 *(.jumptables*)
 *(.lowtext)
 *(.lowtext*)
                0x0000000000000d30                __ctors_start = .
 *(.ctors)
 .ctors         0x0000000000000d30        0x2 /tmp/QuadControl.build/QuadControl.o
 .ctors         0x0000000000000d32        0x2 /tmp/QuadControl.build/libraries/AP_Baro/AP_Baro_MS5611.o
 .ctors         0x0000000000000d34        0x2 /tmp/QuadControl.build/libraries/AP_HAL_AVR/Scheduler.o
 .ctors         0x0000000000000d36        0x2 /tmp/QuadControl.build/libraries/AP_HAL_AVR/SPIDevice_SPI2.o
 .ctors         0x0000000000000d38        0x2 /tmp/QuadControl.build/libraries/AP_HAL_AVR/HAL_AVR_APM2_Class.o
 .ctors         0x0000000000000d3a        0x2 /tmp/QuadControl.build/libraries/AP_HAL_AVR/SPIDevice_SPI0.o
 .ctors         0x0000000000000d3c        0x2 /tmp/QuadControl.build/libraries/AP_HAL_AVR/SPIDevice_SPI3.o
 .ctors         0x0000000000000d3e        0x2 /tmp/QuadControl.build/libraries/AP_Mission/AP_Mission.o
 .ctors         0x0000000000000d40        0x2 /tmp/QuadControl.build/libraries/AP_Param/AP_Param.o
 .ctors         0x0000000000000d42        0x2 /tmp/QuadControl.build/libraries/AP_Rally/AP_Rally.o
                0x0000000000000d44                __ctors_end = .
                0x0000000000000d44                __dtors_start = .
 *(.dtors)
 .dtors         0x0000000000000d44        0x2 /tmp/QuadControl.build/QuadControl.o
                0x0000000000000d46                __dtors_end = .
 SORT(*)(.ctors)
 SORT(*)(.dtors)
 *(.init0)
 .init0         0x0000000000000d46        0x0 /usr/lib/gcc/avr/4.9.2/../../../avr/lib/avr6/crtatmega2560.o
                0x0000000000000d46                __init
 *(.init0)
 *(.init1)
 *(.init1)
 *(.init2)
 .init2         0x0000000000000d46       0x10 /usr/lib/gcc/avr/4.9.2/../../../avr/lib/avr6/crtatmega2560.o
 *(.init2)
 *(.init3)
 *(.init3)
 *(.init4)
 .init4         0x0000000000000d56       0x1a /usr/lib/gcc/avr/4.9.2/avr6/libgcc.a(_copy_data.o)
                0x0000000000000d56                __do_copy_data
 .init4         0x0000000000000d70       0x10 /usr/lib/gcc/avr/4.9.2/avr6/libgcc.a(_clear_bss.o)
                0x0000000000000d70                __do_clear_bss
 *(.init4)
 *(.init5)
 *(.init5)
 *(.init6)
 .init6         0x0000000000000d80       0x20 /usr/lib/gcc/avr/4.9.2/avr6/libgcc.a(_ctors.o)
                0x0000000000000d80                __do_global_ctors
 *(.init6)
 *(.init7)
 *(.init7)
 *(.init8)
 *(.init8)
 *(.init9)
 .init9         0x0000000000000da0        0x6 /usr/lib/gcc/avr/4.9.2/../../../avr/lib/avr6/crtatmega2560.o
 *(.init9)
 *(.text)
 .text          0x0000000000000da6        0x2 /usr/lib/gcc/avr/4.9.2/../../../avr/lib/avr6/crtatmega2560.o
                0x0000000000000da6                __vector_38
                0x0000000000000da6                __vector_22
                0x0000000000000da6                __vector_28
                0x0000000000000da6                __vector_1
                0x0000000000000da6                __vector_32
                0x0000000000000da6                __vector_34
                0x0000000000000da6                __vector_24
                0x0000000000000da6                __vector_12
                0x0000000000000da6                __vector_55
                0x0000000000000da6                __bad_interrupt
                0x0000000000000da6                __vector_6
                0x0000000000000da6                __vector_31
                0x0000000000000da6                __vector_35
                0x0000000000000da6                __vector_3
                0x0000000000000da6                __vector_23
                0x0000000000000da6                __vector_30
                0x0000000000000da6                __vector_45
                0x0000000000000da6                __vector_11
                0x0000000000000da6                __vector_54
                0x0000000000000da6                __vector_13
                0x0000000000000da6                __vector_17
                0x0000000000000da6                __vector_19
                0x0000000000000da6                __vector_56
                0x0000000000000da6                __vector_49
                0x0000000000000da6                __vector_43
                0x0000000000000da6                __vector_27
                0x0000000000000da6                __vector_5
                0x0000000000000da6                __vector_33
                0x0000000000000da6                __vector_47
                0x0000000000000da6                __vector_4
                0x0000000000000da6                __vector_44
                0x0000000000000da6                __vector_9
                0x0000000000000da6                __vector_2
                0x0000000000000da6                __vector_21
                0x0000000000000da6                __vector_29
                0x0000000000000da6                __vector_40
                0x0000000000000da6                __vector_8
                0x0000000000000da6                __vector_48
                0x0000000000000da6                __vector_14
                0x0000000000000da6                __vector_53
                0x0000000000000da6                __vector_10
                0x0000000000000da6                __vector_16
                0x0000000000000da6                __vector_18
                0x0000000000000da6                __vector_20
                0x0000000000000da6                __vector_42
                0x0000000000000da8                . = ALIGN (0x2)
 *(.text.*)
 .text._ZN7AP_Baro10accumulateEv
                0x0000000000000da8        0x2 /tmp/QuadControl.build/QuadControl.o
                0x0000000000000da8                _ZN7AP_Baro10accumulateEv
 .text._ZN16FilterWithBufferIfLh7EE5resetEv
                0x0000000000000daa       0x1e /tmp/QuadControl.build/QuadControl.o
                0x0000000000000daa                _ZN16FilterWithBufferIfLh7EE5resetEv
 .text._ZN16FilterWithBufferIfLh7EE5applyEf
                0x0000000000000dc8       0x2e /tmp/QuadControl.build/QuadControl.o
                0x0000000000000dc8                _ZN16FilterWithBufferIfLh7EE5applyEf
 .text._Z5setupv
                0x0000000000000df6      0x1b2 /tmp/QuadControl.build/QuadControl.o
                0x0000000000000df6                _Z5setupv
 .text._Z8pilotagev
                0x0000000000000fa8      0x810 /tmp/QuadControl.build/QuadControl.o
                0x0000000000000fa8                _Z8pilotagev
 .text.startup.main
                0x00000000000017b8       0x38 /tmp/QuadControl.build/QuadControl.o
                0x00000000000017b8                main
 .text.startup._GLOBAL__sub_I_hal
                0x00000000000017f0      0x870 /tmp/QuadControl.build/QuadControl.o
 .text.exit._GLOBAL__sub_D_hal
                0x0000000000002060        0x2 /tmp/QuadControl.build/QuadControl.o
 .text._ZN7AP_AHRS4initEv
                0x0000000000002062       0x42 /tmp/QuadControl.build/libraries/AP_AHRS/AP_AHRS_DCM.o
                0x0000000000002062                _ZN7AP_AHRS4initEv
 .text._ZNK7AP_AHRS16get_velocity_NEDER7Vector3IfE
                0x00000000000020a4        0x4 /tmp/QuadControl.build/libraries/AP_AHRS/AP_AHRS_DCM.o
                0x00000000000020a4                _ZNK7AP_AHRS16get_velocity_NEDER7Vector3IfE
 .text._ZNK7AP_AHRS25get_relative_position_NEDER7Vector3IfE
                0x00000000000020a8        0x4 /tmp/QuadControl.build/libraries/AP_AHRS/AP_AHRS_DCM.o
                0x00000000000020a8                _ZNK7AP_AHRS25get_relative_position_NEDER7Vector3IfE
 .text._ZN7AP_AHRS22get_secondary_attitudeER7Vector3IfE
                0x00000000000020ac        0x4 /tmp/QuadControl.build/libraries/AP_AHRS/AP_AHRS_DCM.o
                0x00000000000020ac                _ZN7AP_AHRS22get_secondary_attitudeER7Vector3IfE
 .text._ZN7AP_AHRS22get_secondary_positionER8Location
                0x00000000000020b0        0x4 /tmp/QuadControl.build/libraries/AP_AHRS/AP_AHRS_DCM.o
                0x00000000000020b0                _ZN7AP_AHRS22get_secondary_positionER8Location
 .text._ZNK7AP_AHRS17have_inertial_navEv
                0x00000000000020b4        0x4 /tmp/QuadControl.build/libraries/AP_AHRS/AP_AHRS_DCM.o
                0x00000000000020b4                _ZNK7AP_AHRS17have_inertial_navEv
 .text._ZNK7AP_AHRS11initialisedEv
                0x00000000000020b8        0x4 /tmp/QuadControl.build/libraries/AP_AHRS/AP_AHRS_DCM.o
                0x00000000000020b8                _ZNK7AP_AHRS11initialisedEv
 .text._ZNK11AP_AHRS_DCM8get_gyroEv
                0x00000000000020bc        0x6 /tmp/QuadControl.build/libraries/AP_AHRS/AP_AHRS_DCM.o
                0x00000000000020bc                _ZNK11AP_AHRS_DCM8get_gyroEv
 .text._ZNK11AP_AHRS_DCM14get_dcm_matrixEv
                0x00000000000020c2        0x6 /tmp/QuadControl.build/libraries/AP_AHRS/AP_AHRS_DCM.o
                0x00000000000020c2                _ZNK11AP_AHRS_DCM14get_dcm_matrixEv
 .text._ZNK11AP_AHRS_DCM14get_gyro_driftEv
                0x00000000000020c8        0x6 /tmp/QuadControl.build/libraries/AP_AHRS/AP_AHRS_DCM.o
                0x00000000000020c8                _ZNK11AP_AHRS_DCM14get_gyro_driftEv
 .text._ZN11AP_AHRS_DCM13wind_estimateEv
                0x00000000000020ce       0x14 /tmp/QuadControl.build/libraries/AP_AHRS/AP_AHRS_DCM.o
                0x00000000000020ce                _ZN11AP_AHRS_DCM13wind_estimateEv
 .text._ZN11AP_AHRS_DCM16reset_gyro_driftEv
                0x00000000000020e2       0x44 /tmp/QuadControl.build/libraries/AP_AHRS/AP_AHRS_DCM.o
                0x00000000000020e2                _ZN11AP_AHRS_DCM16reset_gyro_driftEv
 .text._ZN11AP_AHRS_DCM12get_error_rpEv
                0x0000000000002126       0x72 /tmp/QuadControl.build/libraries/AP_AHRS/AP_AHRS_DCM.o
                0x0000000000002126                _ZN11AP_AHRS_DCM12get_error_rpEv
 .text._ZN11AP_AHRS_DCM13get_error_yawEv
                0x0000000000002198       0x72 /tmp/QuadControl.build/libraries/AP_AHRS/AP_AHRS_DCM.o
                0x0000000000002198                _ZN11AP_AHRS_DCM13get_error_yawEv
 .text._ZN11AP_AHRS_DCM8set_homeERK8Location
                0x000000000000220a       0x20 /tmp/QuadControl.build/libraries/AP_AHRS/AP_AHRS_DCM.o
                0x000000000000220a                _ZN11AP_AHRS_DCM8set_homeERK8Location
 .text._ZN11AP_AHRS_DCMD2Ev
                0x000000000000222a        0x2 /tmp/QuadControl.build/libraries/AP_AHRS/AP_AHRS_DCM.o
                0x000000000000222a                _ZN11AP_AHRS_DCMD1Ev
                0x000000000000222a                _ZN11AP_AHRS_DCMD2Ev
 .text._ZN11AP_AHRS_DCM14reset_attitudeERKfS1_S1_
                0x000000000000222c       0x40 /tmp/QuadControl.build/libraries/AP_AHRS/AP_AHRS_DCM.o
                0x000000000000222c                _ZN11AP_AHRS_DCM14reset_attitudeERKfS1_S1_
 .text._ZN11AP_AHRS_DCM12get_positionER8Location
                0x000000000000226c      0x11e /tmp/QuadControl.build/libraries/AP_AHRS/AP_AHRS_DCM.o
                0x000000000000226c                _ZN11AP_AHRS_DCM12get_positionER8Location
 .text._ZN11AP_AHRS_DCMD0Ev
                0x000000000000238a        0x6 /tmp/QuadControl.build/libraries/AP_AHRS/AP_AHRS_DCM.o
                0x000000000000238a                _ZN11AP_AHRS_DCMD0Ev
 .text._ZN11AP_AHRS_DCM7healthyEv
                0x0000000000002390       0x68 /tmp/QuadControl.build/libraries/AP_AHRS/AP_AHRS_DCM.o
                0x0000000000002390                _ZN11AP_AHRS_DCM7healthyEv
 .text._ZN11AP_AHRS_DCM5resetEb
                0x00000000000023f8       0xfa /tmp/QuadControl.build/libraries/AP_AHRS/AP_AHRS_DCM.o
                0x00000000000023f8                _ZN11AP_AHRS_DCM5resetEb
 .text._ZNK11AP_Airspeed3useEv
                0x00000000000024f2       0x3e /tmp/QuadControl.build/libraries/AP_AHRS/AP_AHRS_DCM.o
                0x00000000000024f2                _ZNK11AP_Airspeed3useEv
 .text._ZN11AP_AHRS_DCM13matrix_updateEf
                0x0000000000002530       0xee /tmp/QuadControl.build/libraries/AP_AHRS/AP_AHRS_DCM.o
                0x0000000000002530                _ZN11AP_AHRS_DCM13matrix_updateEf
 .text._ZN11AP_AHRS_DCM6renormERK7Vector3IfERS1_
                0x000000000000261e      0x11c /tmp/QuadControl.build/libraries/AP_AHRS/AP_AHRS_DCM.o
                0x000000000000261e                _ZN11AP_AHRS_DCM6renormERK7Vector3IfERS1_
 .text._ZN11AP_AHRS_DCM9normalizeEv
                0x000000000000273a      0x16e /tmp/QuadControl.build/libraries/AP_AHRS/AP_AHRS_DCM.o
                0x000000000000273a                _ZN11AP_AHRS_DCM9normalizeEv
 .text._ZN11AP_AHRS_DCM17yaw_error_compassEv
                0x00000000000028a8      0x102 /tmp/QuadControl.build/libraries/AP_AHRS/AP_AHRS_DCM.o
                0x00000000000028a8                _ZN11AP_AHRS_DCM17yaw_error_compassEv
 .text._ZN11AP_AHRS_DCM7_P_gainEf
                0x00000000000029aa       0x7a /tmp/QuadControl.build/libraries/AP_AHRS/AP_AHRS_DCM.o
                0x00000000000029aa                _ZN11AP_AHRS_DCM7_P_gainEf
 .text._ZNK11AP_AHRS_DCM9_yaw_gainEv
                0x0000000000002a24       0x7a /tmp/QuadControl.build/libraries/AP_AHRS/AP_AHRS_DCM.o
                0x0000000000002a24                _ZNK11AP_AHRS_DCM9_yaw_gainEv
 .text._ZNK11AP_AHRS_DCM8have_gpsEv
                0x0000000000002a9e       0x24 /tmp/QuadControl.build/libraries/AP_AHRS/AP_AHRS_DCM.o
                0x0000000000002a9e                _ZNK11AP_AHRS_DCM8have_gpsEv
 .text._ZN11AP_AHRS_DCM11use_compassEv
                0x0000000000002ac2      0x172 /tmp/QuadControl.build/libraries/AP_AHRS/AP_AHRS_DCM.o
                0x0000000000002ac2                _ZN11AP_AHRS_DCM11use_compassEv
 .text._ZNK11AP_AHRS_DCM17airspeed_estimateEPf
                0x0000000000002c34      0x15c /tmp/QuadControl.build/libraries/AP_AHRS/AP_AHRS_DCM.o
                0x0000000000002c34                _ZNK11AP_AHRS_DCM17airspeed_estimateEPf
 .text._ZN11AP_AHRS_DCM20drift_correction_yawEv
                0x0000000000002d90      0x430 /tmp/QuadControl.build/libraries/AP_AHRS/AP_AHRS_DCM.o
                0x0000000000002d90                _ZN11AP_AHRS_DCM20drift_correction_yawEv
 .text._ZN11AP_AHRS_DCM10ra_delayedEhRK7Vector3IfE
                0x00000000000031c0       0xb8 /tmp/QuadControl.build/libraries/AP_AHRS/AP_AHRS_DCM.o
                0x00000000000031c0                _ZN11AP_AHRS_DCM10ra_delayedEhRK7Vector3IfE
 .text._ZN11AP_AHRS_DCM12euler_anglesEv
                0x0000000000003278       0x56 /tmp/QuadControl.build/libraries/AP_AHRS/AP_AHRS_DCM.o
                0x0000000000003278                _ZN11AP_AHRS_DCM12euler_anglesEv
 .text._ZN7Matrix3IfE6is_nanEv
                0x00000000000032ce       0x2c /tmp/QuadControl.build/libraries/AP_AHRS/AP_AHRS_DCM.o
                0x00000000000032ce                _ZN7Matrix3IfE6is_nanEv
 .text._ZN11AP_AHRS_DCM12check_matrixEv
                0x00000000000032fa       0xa8 /tmp/QuadControl.build/libraries/AP_AHRS/AP_AHRS_DCM.o
                0x00000000000032fa                _ZN11AP_AHRS_DCM12check_matrixEv
 .text._ZN7Vector3IfE9normalizeEv
                0x00000000000033a2       0x1a /tmp/QuadControl.build/libraries/AP_AHRS/AP_AHRS_DCM.o
                0x00000000000033a2                _ZN7Vector3IfE9normalizeEv
 .text._ZN11AP_AHRS_DCM16drift_correctionEf
                0x00000000000033bc      0xbdc /tmp/QuadControl.build/libraries/AP_AHRS/AP_AHRS_DCM.o
                0x00000000000033bc                _ZN11AP_AHRS_DCM16drift_correctionEf
 .text._ZN11AP_AHRS_DCM6updateEv
                0x0000000000003f98       0x8a /tmp/QuadControl.build/libraries/AP_AHRS/AP_AHRS_DCM.o
                0x0000000000003f98                _ZN11AP_AHRS_DCM6updateEv
 .text._ZN7AP_AHRS11use_compassEv
                0x0000000000004022       0x20 /tmp/QuadControl.build/libraries/AP_AHRS/AP_AHRS.o
                0x0000000000004022                _ZN7AP_AHRS11use_compassEv
 .text._ZNK7AP_AHRS17airspeed_estimateEPf
                0x0000000000004042      0x142 /tmp/QuadControl.build/libraries/AP_AHRS/AP_AHRS.o
                0x0000000000004042                _ZNK7AP_AHRS17airspeed_estimateEPf
 .text._ZN7AP_AHRS8add_trimEffb
                0x0000000000004184      0x118 /tmp/QuadControl.build/libraries/AP_AHRS/AP_AHRS.o
                0x0000000000004184                _ZN7AP_AHRS8add_trimEffb
 .text._ZN7AP_AHRS8set_trimE7Vector3IfE
                0x000000000000429c       0xe0 /tmp/QuadControl.build/libraries/AP_AHRS/AP_AHRS.o
                0x000000000000429c                _ZN7AP_AHRS8set_trimE7Vector3IfE
 .text._ZN7AP_AHRS18groundspeed_vectorEv
                0x000000000000437c      0x34e /tmp/QuadControl.build/libraries/AP_AHRS/AP_AHRS.o
                0x000000000000437c                _ZN7AP_AHRS18groundspeed_vectorEv
 .text._ZN7AP_AHRS11update_trigEv
                0x00000000000046ca      0x19e /tmp/QuadControl.build/libraries/AP_AHRS/AP_AHRS.o
                0x00000000000046ca                _ZN7AP_AHRS11update_trigEv
 .text._ZN7AP_AHRS16update_cd_valuesEv
                0x0000000000004868       0x92 /tmp/QuadControl.build/libraries/AP_AHRS/AP_AHRS.o
                0x0000000000004868                _ZN7AP_AHRS16update_cd_valuesEv
 .text._ZN18AP_Baro_MS5611_SPI4initEv
                0x00000000000048fa       0x9c /tmp/QuadControl.build/libraries/AP_Baro/AP_Baro_MS5611.o
                0x00000000000048fa                _ZN18AP_Baro_MS5611_SPI4initEv
 .text._ZN18AP_Baro_MS5611_SPI11read_16bitsEh
                0x0000000000004996       0x4e /tmp/QuadControl.build/libraries/AP_Baro/AP_Baro_MS5611.o
                0x0000000000004996                _ZN18AP_Baro_MS5611_SPI11read_16bitsEh
 .text._ZN18AP_Baro_MS5611_SPI5writeEh
                0x00000000000049e4       0x3c /tmp/QuadControl.build/libraries/AP_Baro/AP_Baro_MS5611.o
                0x00000000000049e4                _ZN18AP_Baro_MS5611_SPI5writeEh
 .text._ZN18AP_Baro_MS5611_SPI17sem_take_blockingEv
                0x0000000000004a20       0x22 /tmp/QuadControl.build/libraries/AP_Baro/AP_Baro_MS5611.o
                0x0000000000004a20                _ZN18AP_Baro_MS5611_SPI17sem_take_blockingEv
 .text._ZN18AP_Baro_MS5611_SPI8sem_giveEv
                0x0000000000004a42       0x1a /tmp/QuadControl.build/libraries/AP_Baro/AP_Baro_MS5611.o
                0x0000000000004a42                _ZN18AP_Baro_MS5611_SPI8sem_giveEv
 .text._ZN14AP_Baro_MS56117_updateEv
                0x0000000000004a5c      0x200 /tmp/QuadControl.build/libraries/AP_Baro/AP_Baro_MS5611.o
                0x0000000000004a5c                _ZN14AP_Baro_MS56117_updateEv
 .text._ZN14AP_Baro_MS561112get_pressureEv
                0x0000000000004c5c       0x10 /tmp/QuadControl.build/libraries/AP_Baro/AP_Baro_MS5611.o
                0x0000000000004c5c                _ZN14AP_Baro_MS561112get_pressureEv
 .text._ZN14AP_Baro_MS561115get_temperatureEv
                0x0000000000004c6c       0x10 /tmp/QuadControl.build/libraries/AP_Baro/AP_Baro_MS5611.o
                0x0000000000004c6c                _ZN14AP_Baro_MS561115get_temperatureEv
 .text._ZN18AP_Baro_MS5611_SPI8read_adcEv
                0x0000000000004c7c       0x62 /tmp/QuadControl.build/libraries/AP_Baro/AP_Baro_MS5611.o
                0x0000000000004c7c                _ZN18AP_Baro_MS5611_SPI8read_adcEv
 .text._ZN18AP_Baro_MS5611_SPI20sem_take_nonblockingEv
                0x0000000000004cde       0x8e /tmp/QuadControl.build/libraries/AP_Baro/AP_Baro_MS5611.o
                0x0000000000004cde                _ZN18AP_Baro_MS5611_SPI20sem_take_nonblockingEv
 .text._ZN14AP_Baro_MS56114initEv
                0x0000000000004d6c      0x314 /tmp/QuadControl.build/libraries/AP_Baro/AP_Baro_MS5611.o
                0x0000000000004d6c                _ZN14AP_Baro_MS56114initEv
 .text._ZN14AP_Baro_MS561110_calculateEv
                0x0000000000005080      0x24a /tmp/QuadControl.build/libraries/AP_Baro/AP_Baro_MS5611.o
                0x0000000000005080                _ZN14AP_Baro_MS561110_calculateEv
 .text._ZN14AP_Baro_MS56114readEv
                0x00000000000052ca      0x1c0 /tmp/QuadControl.build/libraries/AP_Baro/AP_Baro_MS5611.o
                0x00000000000052ca                _ZN14AP_Baro_MS56114readEv
 .text.startup._GLOBAL__sub_I__ZN14AP_Baro_MS56115_s_D1E
                0x000000000000548a        0xe /tmp/QuadControl.build/libraries/AP_Baro/AP_Baro_MS5611.o
 .text._ZNK7AP_Baro23get_altitude_differenceEff
                0x0000000000005498       0x58 /tmp/QuadControl.build/libraries/AP_Baro/AP_Baro.o
                0x0000000000005498                _ZNK7AP_Baro23get_altitude_differenceEff
 .text._ZN7AP_Baro12get_altitudeEv
                0x00000000000054f0      0x106 /tmp/QuadControl.build/libraries/AP_Baro/AP_Baro.o
                0x00000000000054f0                _ZN7AP_Baro12get_altitudeEv
 .text._Znwj    0x00000000000055f6        0x8 /tmp/QuadControl.build/libraries/AP_Common/c++.o
                0x00000000000055f6                _Znwj
 .text._ZdlPv   0x00000000000055fe        0xa /tmp/QuadControl.build/libraries/AP_Common/c++.o
                0x00000000000055fe                _ZdlPv
 .text.__cxa_pure_virtual
                0x0000000000005608        0x2 /tmp/QuadControl.build/libraries/AP_Common/c++.o
                0x0000000000005608                __cxa_pure_virtual
 .text._ZNK7Compass15get_declinationEv
                0x000000000000560a        0xc /tmp/QuadControl.build/libraries/AP_Compass/Compass.o
                0x000000000000560a                _ZNK7Compass15get_declinationEv
 .text._ZNK7Compass17calculate_headingERK7Matrix3IfE
                0x0000000000005616      0x1c0 /tmp/QuadControl.build/libraries/AP_Compass/Compass.o
                0x0000000000005616                _ZNK7Compass17calculate_headingERK7Matrix3IfE
 .text._ZN6AP_GPS4initEP15DataFlash_Class
                0x00000000000057d6       0x48 /tmp/QuadControl.build/libraries/AP_GPS/AP_GPS.o
                0x00000000000057d6                _ZN6AP_GPS4initEP15DataFlash_Class
 .text._ZN6AP_HAL10UARTDriver16set_flow_controlENS0_12flow_controlE
                0x000000000000581e        0x2 /tmp/QuadControl.build/libraries/AP_HAL/UARTDriver.o
                0x000000000000581e                _ZN6AP_HAL10UARTDriver16set_flow_controlENS0_12flow_controlE
 .text._ZN6AP_HAL10UARTDriver16get_flow_controlEv
                0x0000000000005820        0x6 /tmp/QuadControl.build/libraries/AP_HAL/UARTDriver.o
                0x0000000000005820                _ZN6AP_HAL10UARTDriver16get_flow_controlEv
 .text._ZN6AP_HAL10UARTDriver7print_PEPK11prog_char_t
                0x0000000000005826       0x34 /tmp/QuadControl.build/libraries/AP_HAL/UARTDriver.o
                0x0000000000005826                _ZN6AP_HAL10UARTDriver7print_PEPK11prog_char_t
 .text._ZN6AP_HAL10UARTDriver9println_PEPK11prog_char_t
                0x000000000000585a       0x1e /tmp/QuadControl.build/libraries/AP_HAL/UARTDriver.o
                0x000000000000585a                _ZN6AP_HAL10UARTDriver9println_PEPK11prog_char_t
 .text._ZN6AP_HAL10UARTDriver6printfEPKcz
                0x0000000000005878       0x2e /tmp/QuadControl.build/libraries/AP_HAL/UARTDriver.o
                0x0000000000005878                _ZN6AP_HAL10UARTDriver6printfEPKcz
 .text._ZN6AP_HAL10UARTDriver9_printf_PEPKcz
                0x00000000000058a6       0x2e /tmp/QuadControl.build/libraries/AP_HAL/UARTDriver.o
                0x00000000000058a6                _ZN6AP_HAL10UARTDriver9_printf_PEPKcz
 .text._ZN6AP_HAL10UARTDriver7vprintfEPKcPv
                0x00000000000058d4        0xa /tmp/QuadControl.build/libraries/AP_HAL/UARTDriver.o
                0x00000000000058d4                _ZN6AP_HAL10UARTDriver7vprintfEPKcPv
 .text._ZN6AP_HAL10UARTDriver9vprintf_PEPKcPv
                0x00000000000058de        0xa /tmp/QuadControl.build/libraries/AP_HAL/UARTDriver.o
                0x00000000000058de                _ZN6AP_HAL10UARTDriver9vprintf_PEPKcPv
 .text._ZN10AP_HAL_AVR9ADCSource11read_latestEv
                0x00000000000058e8       0x2a /tmp/QuadControl.build/libraries/AP_HAL_AVR/AnalogIn_ADC.o
                0x00000000000058e8                _ZN10AP_HAL_AVR9ADCSource11read_latestEv
 .text._ZN10AP_HAL_AVR9ADCSource15voltage_averageEv
                0x0000000000005912       0xca /tmp/QuadControl.build/libraries/AP_HAL_AVR/AnalogIn_ADC.o
                0x0000000000005912                _ZN10AP_HAL_AVR9ADCSource15voltage_averageEv
 .text._ZN10AP_HAL_AVR9ADCSource27voltage_average_ratiometricEv
                0x00000000000059dc       0x1a /tmp/QuadControl.build/libraries/AP_HAL_AVR/AnalogIn_ADC.o
                0x00000000000059dc                _ZN10AP_HAL_AVR9ADCSource27voltage_average_ratiometricEv
 .text._ZN10AP_HAL_AVR9ADCSource7set_pinEh
                0x00000000000059f6       0x98 /tmp/QuadControl.build/libraries/AP_HAL_AVR/AnalogIn_ADC.o
                0x00000000000059f6                _ZN10AP_HAL_AVR9ADCSource7set_pinEh
 .text._ZN10AP_HAL_AVR9ADCSource12set_stop_pinEh
                0x0000000000005a8e        0x6 /tmp/QuadControl.build/libraries/AP_HAL_AVR/AnalogIn_ADC.o
                0x0000000000005a8e                _ZN10AP_HAL_AVR9ADCSource12set_stop_pinEh
 .text._ZN10AP_HAL_AVR9ADCSource15set_settle_timeEj
                0x0000000000005a94        0x8 /tmp/QuadControl.build/libraries/AP_HAL_AVR/AnalogIn_ADC.o
                0x0000000000005a94                _ZN10AP_HAL_AVR9ADCSource15set_settle_timeEj
 .text._ZN10AP_HAL_AVR9ADCSource14voltage_latestEv
                0x0000000000005a9c       0xe8 /tmp/QuadControl.build/libraries/AP_HAL_AVR/AnalogIn_ADC.o
                0x0000000000005a9c                _ZN10AP_HAL_AVR9ADCSource14voltage_latestEv
 .text._ZN10AP_HAL_AVR9ADCSourceC2Eh
                0x0000000000005b84       0x26 /tmp/QuadControl.build/libraries/AP_HAL_AVR/AnalogIn_ADC.o
                0x0000000000005b84                _ZN10AP_HAL_AVR9ADCSourceC2Eh
                0x0000000000005b84                _ZN10AP_HAL_AVR9ADCSourceC1Eh
 .text._ZN10AP_HAL_AVR9ADCSource13_read_averageEv
                0x0000000000005baa       0x7c /tmp/QuadControl.build/libraries/AP_HAL_AVR/AnalogIn_ADC.o
                0x0000000000005baa                _ZN10AP_HAL_AVR9ADCSource13_read_averageEv
 .text._ZN10AP_HAL_AVR9ADCSource12read_averageEv
                0x0000000000005c26       0x2a /tmp/QuadControl.build/libraries/AP_HAL_AVR/AnalogIn_ADC.o
                0x0000000000005c26                _ZN10AP_HAL_AVR9ADCSource12read_averageEv
 .text._ZN10AP_HAL_AVR9ADCSource10setup_readEv
                0x0000000000005c50       0xc8 /tmp/QuadControl.build/libraries/AP_HAL_AVR/AnalogIn_ADC.o
                0x0000000000005c50                _ZN10AP_HAL_AVR9ADCSource10setup_readEv
 .text._ZN10AP_HAL_AVR9ADCSource9stop_readEv
                0x0000000000005d18       0x60 /tmp/QuadControl.build/libraries/AP_HAL_AVR/AnalogIn_ADC.o
                0x0000000000005d18                _ZN10AP_HAL_AVR9ADCSource9stop_readEv
 .text._ZN10AP_HAL_AVR9ADCSource15reading_settledEv
                0x0000000000005d78       0x68 /tmp/QuadControl.build/libraries/AP_HAL_AVR/AnalogIn_ADC.o
                0x0000000000005d78                _ZN10AP_HAL_AVR9ADCSource15reading_settledEv
 .text._ZN10AP_HAL_AVR9ADCSource10new_sampleEj
                0x0000000000005de0       0x30 /tmp/QuadControl.build/libraries/AP_HAL_AVR/AnalogIn_ADC.o
                0x0000000000005de0                _ZN10AP_HAL_AVR9ADCSource10new_sampleEj
 .text._ZN10AP_HAL_AVR7AVRGPIO4initEv
                0x0000000000005e10        0x2 /tmp/QuadControl.build/libraries/AP_HAL_AVR/GPIO.o
                0x0000000000005e10                _ZN10AP_HAL_AVR7AVRGPIO4initEv
 .text._ZN10AP_HAL_AVR7AVRGPIO7pinModeEhh
                0x0000000000005e12       0x42 /tmp/QuadControl.build/libraries/AP_HAL_AVR/GPIO.o
                0x0000000000005e12                _ZN10AP_HAL_AVR7AVRGPIO7pinModeEhh
 .text._ZN10AP_HAL_AVR7AVRGPIO21analogPinToDigitalPinEh
                0x0000000000005e54        0xe /tmp/QuadControl.build/libraries/AP_HAL_AVR/GPIO.o
                0x0000000000005e54                _ZN10AP_HAL_AVR7AVRGPIO21analogPinToDigitalPinEh
 .text._ZN10AP_HAL_AVR7AVRGPIO4readEh
                0x0000000000005e62       0x30 /tmp/QuadControl.build/libraries/AP_HAL_AVR/GPIO.o
                0x0000000000005e62                _ZN10AP_HAL_AVR7AVRGPIO4readEh
 .text._ZN10AP_HAL_AVR7AVRGPIO5writeEhh
                0x0000000000005e92       0x40 /tmp/QuadControl.build/libraries/AP_HAL_AVR/GPIO.o
                0x0000000000005e92                _ZN10AP_HAL_AVR7AVRGPIO5writeEhh
 .text._ZN10AP_HAL_AVR7AVRGPIO6toggleEh
                0x0000000000005ed2       0x32 /tmp/QuadControl.build/libraries/AP_HAL_AVR/GPIO.o
                0x0000000000005ed2                _ZN10AP_HAL_AVR7AVRGPIO6toggleEh
 .text._ZN10AP_HAL_AVR16AVRDigitalSource4modeEh
                0x0000000000005f04       0x30 /tmp/QuadControl.build/libraries/AP_HAL_AVR/GPIO.o
                0x0000000000005f04                _ZN10AP_HAL_AVR16AVRDigitalSource4modeEh
 .text._ZN10AP_HAL_AVR16AVRDigitalSource4readEv
                0x0000000000005f34       0x26 /tmp/QuadControl.build/libraries/AP_HAL_AVR/GPIO.o
                0x0000000000005f34                _ZN10AP_HAL_AVR16AVRDigitalSource4readEv
 .text._ZN10AP_HAL_AVR16AVRDigitalSource5writeEh
                0x0000000000005f5a       0x2c /tmp/QuadControl.build/libraries/AP_HAL_AVR/GPIO.o
                0x0000000000005f5a                _ZN10AP_HAL_AVR16AVRDigitalSource5writeEh
 .text._ZN10AP_HAL_AVR16AVRDigitalSource6toggleEv
                0x0000000000005f86       0x22 /tmp/QuadControl.build/libraries/AP_HAL_AVR/GPIO.o
                0x0000000000005f86                _ZN10AP_HAL_AVR16AVRDigitalSource6toggleEv
 .text._ZN10AP_HAL_AVR7AVRGPIO13usb_connectedEv
                0x0000000000005fa8       0x34 /tmp/QuadControl.build/libraries/AP_HAL_AVR/GPIO.o
                0x0000000000005fa8                _ZN10AP_HAL_AVR7AVRGPIO13usb_connectedEv
 .text._ZN10AP_HAL_AVR7AVRGPIO7channelEj
                0x0000000000005fdc       0x44 /tmp/QuadControl.build/libraries/AP_HAL_AVR/GPIO.o
                0x0000000000005fdc                _ZN10AP_HAL_AVR7AVRGPIO7channelEj
 .text._ZN10AP_HAL_AVR7AVRGPIO16attach_interruptEhPFvvEh
                0x0000000000006020       0x34 /tmp/QuadControl.build/libraries/AP_HAL_AVR/GPIO.o
                0x0000000000006020                _ZN10AP_HAL_AVR7AVRGPIO16attach_interruptEhPFvvEh
 .text.__vector_7
                0x0000000000006054       0x5a /tmp/QuadControl.build/libraries/AP_HAL_AVR/GPIO.o
                0x0000000000006054                __vector_7
 .text._ZN6AP_HAL9Scheduler10stop_clockEy
                0x00000000000060ae        0x2 /tmp/QuadControl.build/libraries/AP_HAL_AVR/Scheduler.o
                0x00000000000060ae                _ZN6AP_HAL9Scheduler10stop_clockEy
 .text._ZN10AP_HAL_AVR12AVRScheduler23register_delay_callbackEPFvvEj
                0x00000000000060b0        0xc /tmp/QuadControl.build/libraries/AP_HAL_AVR/Scheduler.o
                0x00000000000060b0                _ZN10AP_HAL_AVR12AVRScheduler23register_delay_callbackEPFvvEj
 .text._ZN10AP_HAL_AVR12AVRScheduler22register_timer_processEN12fastdelegate13FastDelegate0IvEE
                0x00000000000060bc       0xb2 /tmp/QuadControl.build/libraries/AP_HAL_AVR/Scheduler.o
                0x00000000000060bc                _ZN10AP_HAL_AVR12AVRScheduler22register_timer_processEN12fastdelegate13FastDelegate0IvEE
 .text._ZN10AP_HAL_AVR12AVRScheduler19register_io_processEN12fastdelegate13FastDelegate0IvEE
                0x000000000000616e        0x2 /tmp/QuadControl.build/libraries/AP_HAL_AVR/Scheduler.o
                0x000000000000616e                _ZN10AP_HAL_AVR12AVRScheduler19register_io_processEN12fastdelegate13FastDelegate0IvEE
 .text._ZN10AP_HAL_AVR12AVRScheduler23register_timer_failsafeEPFvvEm
                0x0000000000006170        0xa /tmp/QuadControl.build/libraries/AP_HAL_AVR/Scheduler.o
                0x0000000000006170                _ZN10AP_HAL_AVR12AVRScheduler23register_timer_failsafeEPFvvEm
 .text._ZN10AP_HAL_AVR12AVRScheduler19suspend_timer_procsEv
                0x000000000000617a        0x8 /tmp/QuadControl.build/libraries/AP_HAL_AVR/Scheduler.o
                0x000000000000617a                _ZN10AP_HAL_AVR12AVRScheduler19suspend_timer_procsEv
 .text._ZN10AP_HAL_AVR12AVRScheduler15in_timerprocessEv
                0x0000000000006182        0x6 /tmp/QuadControl.build/libraries/AP_HAL_AVR/Scheduler.o
                0x0000000000006182                _ZN10AP_HAL_AVR12AVRScheduler15in_timerprocessEv
 .text._ZN10AP_HAL_AVR12AVRScheduler19system_initializingEv
                0x0000000000006188        0xa /tmp/QuadControl.build/libraries/AP_HAL_AVR/Scheduler.o
                0x0000000000006188                _ZN10AP_HAL_AVR12AVRScheduler19system_initializingEv
 .text._ZN10AP_HAL_AVR12AVRScheduler18system_initializedEv
                0x0000000000006192       0x28 /tmp/QuadControl.build/libraries/AP_HAL_AVR/Scheduler.o
                0x0000000000006192                _ZN10AP_HAL_AVR12AVRScheduler18system_initializedEv
 .text._ZN10AP_HAL_AVR12AVRScheduler5panicEPK11prog_char_t
                0x00000000000061ba       0x40 /tmp/QuadControl.build/libraries/AP_HAL_AVR/Scheduler.o
                0x00000000000061ba                _ZN10AP_HAL_AVR12AVRScheduler5panicEPK11prog_char_t
 .text._ZN10AP_HAL_AVR12AVRScheduler6rebootEb
                0x00000000000061fa       0x4c /tmp/QuadControl.build/libraries/AP_HAL_AVR/Scheduler.o
                0x00000000000061fa                _ZN10AP_HAL_AVR12AVRScheduler6rebootEb
 .text._ZN10AP_HAL_AVR12AVRScheduler15set_timer_speedEj
                0x0000000000006246       0x2e /tmp/QuadControl.build/libraries/AP_HAL_AVR/Scheduler.o
                0x0000000000006246                _ZN10AP_HAL_AVR12AVRScheduler15set_timer_speedEj
 .text._ZN10AP_HAL_AVR12AVRScheduler4initEPv
                0x0000000000006274       0x3c /tmp/QuadControl.build/libraries/AP_HAL_AVR/Scheduler.o
                0x0000000000006274                _ZN10AP_HAL_AVR12AVRScheduler4initEPv
 .text._ZN10AP_HAL_AVR12AVRScheduler6microsEv
                0x00000000000062b0        0x6 /tmp/QuadControl.build/libraries/AP_HAL_AVR/Scheduler.o
                0x00000000000062b0                _ZN10AP_HAL_AVR12AVRScheduler6microsEv
 .text._ZN10AP_HAL_AVR12AVRScheduler5delayEj
                0x00000000000062b6       0x72 /tmp/QuadControl.build/libraries/AP_HAL_AVR/Scheduler.o
                0x00000000000062b6                _ZN10AP_HAL_AVR12AVRScheduler5delayEj
 .text._ZN10AP_HAL_AVR12AVRScheduler6millisEv
                0x0000000000006328        0x6 /tmp/QuadControl.build/libraries/AP_HAL_AVR/Scheduler.o
                0x0000000000006328                _ZN10AP_HAL_AVR12AVRScheduler6millisEv
 .text._ZN10AP_HAL_AVR12AVRScheduler18delay_microsecondsEj
                0x000000000000632e        0x6 /tmp/QuadControl.build/libraries/AP_HAL_AVR/Scheduler.o
                0x000000000000632e                _ZN10AP_HAL_AVR12AVRScheduler18delay_microsecondsEj
 .text._ZN10AP_HAL_AVR12AVRSchedulerC2Ev
                0x0000000000006334       0x1a /tmp/QuadControl.build/libraries/AP_HAL_AVR/Scheduler.o
                0x0000000000006334                _ZN10AP_HAL_AVR12AVRSchedulerC1Ev
                0x0000000000006334                _ZN10AP_HAL_AVR12AVRSchedulerC2Ev
 .text._ZN10AP_HAL_AVR12AVRScheduler16_run_timer_procsEb
                0x000000000000634e       0xb4 /tmp/QuadControl.build/libraries/AP_HAL_AVR/Scheduler.o
                0x000000000000634e                _ZN10AP_HAL_AVR12AVRScheduler16_run_timer_procsEb
 .text._ZN10AP_HAL_AVR12AVRScheduler18resume_timer_procsEv
                0x0000000000006402       0x16 /tmp/QuadControl.build/libraries/AP_HAL_AVR/Scheduler.o
                0x0000000000006402                _ZN10AP_HAL_AVR12AVRScheduler18resume_timer_procsEv
 .text._ZN10AP_HAL_AVR12AVRScheduler16_timer_isr_eventEv
                0x0000000000006418        0xe /tmp/QuadControl.build/libraries/AP_HAL_AVR/Scheduler.o
                0x0000000000006418                _ZN10AP_HAL_AVR12AVRScheduler16_timer_isr_eventEv
 .text.startup._GLOBAL__sub_I__ZN10AP_HAL_AVR12AVRScheduler19_timer2_reset_valueE
                0x0000000000006426       0x34 /tmp/QuadControl.build/libraries/AP_HAL_AVR/Scheduler.o
 .text._ZN10AP_HAL_AVR12AVRSemaphore4giveEv
                0x000000000000645a        0xa /tmp/QuadControl.build/libraries/AP_HAL_AVR/Semaphores.o
                0x000000000000645a                _ZN10AP_HAL_AVR12AVRSemaphore4giveEv
 .text._ZN10AP_HAL_AVR12AVRSemaphoreC2Ev
                0x0000000000006464        0xe /tmp/QuadControl.build/libraries/AP_HAL_AVR/Semaphores.o
                0x0000000000006464                _ZN10AP_HAL_AVR12AVRSemaphoreC2Ev
                0x0000000000006464                _ZN10AP_HAL_AVR12AVRSemaphoreC1Ev
 .text._ZN10AP_HAL_AVR12AVRSemaphore17_take_nonblockingEv
                0x0000000000006472       0x1a /tmp/QuadControl.build/libraries/AP_HAL_AVR/Semaphores.o
                0x0000000000006472                _ZN10AP_HAL_AVR12AVRSemaphore17_take_nonblockingEv
 .text._ZN10AP_HAL_AVR12AVRSemaphore19_take_from_mainloopEm
                0x000000000000648c       0x82 /tmp/QuadControl.build/libraries/AP_HAL_AVR/Semaphores.o
                0x000000000000648c                _ZN10AP_HAL_AVR12AVRSemaphore19_take_from_mainloopEm
 .text._ZN10AP_HAL_AVR12AVRSemaphore4takeEm
                0x000000000000650e       0x6a /tmp/QuadControl.build/libraries/AP_HAL_AVR/Semaphores.o
                0x000000000000650e                _ZN10AP_HAL_AVR12AVRSemaphore4takeEm
 .text._ZN10AP_HAL_AVR12AVRSemaphore16take_nonblockingEv
                0x0000000000006578       0x3a /tmp/QuadControl.build/libraries/AP_HAL_AVR/Semaphores.o
                0x0000000000006578                _ZN10AP_HAL_AVR12AVRSemaphore16take_nonblockingEv
 .text._ZN6AP_HAL15SPIDeviceDriver13set_bus_speedENS0_9bus_speedE
                0x00000000000065b2        0x2 /tmp/QuadControl.build/libraries/AP_HAL_AVR/SPIDevice_SPI2.o
                0x00000000000065b2                _ZN6AP_HAL15SPIDeviceDriver13set_bus_speedENS0_9bus_speedE
 .text.startup._GLOBAL__sub_I__ZN10AP_HAL_AVR19AVRSPI2DeviceDriver10_semaphoreE
                0x00000000000065b4        0x6 /tmp/QuadControl.build/libraries/AP_HAL_AVR/SPIDevice_SPI2.o
 .text._ZN10AP_HAL_AVR13AVRUARTDriver5beginEm
                0x00000000000065ba       0x20 /tmp/QuadControl.build/libraries/AP_HAL_AVR/UARTDriver.o
                0x00000000000065ba                _ZN10AP_HAL_AVR13AVRUARTDriver5beginEm
 .text._ZN10AP_HAL_AVR13AVRUARTDriver14is_initializedEv
                0x00000000000065da        0x6 /tmp/QuadControl.build/libraries/AP_HAL_AVR/UARTDriver.o
                0x00000000000065da                _ZN10AP_HAL_AVR13AVRUARTDriver14is_initializedEv
 .text._ZN10AP_HAL_AVR13AVRUARTDriver19set_blocking_writesEb
                0x00000000000065e0        0xa /tmp/QuadControl.build/libraries/AP_HAL_AVR/UARTDriver.o
                0x00000000000065e0                _ZN10AP_HAL_AVR13AVRUARTDriver19set_blocking_writesEb
 .text._ZN10AP_HAL_AVR13AVRUARTDriver10tx_pendingEv
                0x00000000000065ea       0x18 /tmp/QuadControl.build/libraries/AP_HAL_AVR/UARTDriver.o
                0x00000000000065ea                _ZN10AP_HAL_AVR13AVRUARTDriver10tx_pendingEv
 .text._ZN10AP_HAL_AVR13AVRUARTDriver9availableEv
                0x0000000000006602       0x2e /tmp/QuadControl.build/libraries/AP_HAL_AVR/UARTDriver.o
                0x0000000000006602                _ZN10AP_HAL_AVR13AVRUARTDriver9availableEv
 .text._ZN10AP_HAL_AVR13AVRUARTDriver7txspaceEv
                0x0000000000006630       0x36 /tmp/QuadControl.build/libraries/AP_HAL_AVR/UARTDriver.o
                0x0000000000006630                _ZN10AP_HAL_AVR13AVRUARTDriver7txspaceEv
 .text._ZN10AP_HAL_AVR13AVRUARTDriver4readEv
                0x0000000000006666       0x3c /tmp/QuadControl.build/libraries/AP_HAL_AVR/UARTDriver.o
                0x0000000000006666                _ZN10AP_HAL_AVR13AVRUARTDriver4readEv
 .text._ZN10AP_HAL_AVR13AVRUARTDriver5flushEv
                0x00000000000066a2       0x1c /tmp/QuadControl.build/libraries/AP_HAL_AVR/UARTDriver.o
                0x00000000000066a2                _ZN10AP_HAL_AVR13AVRUARTDriver5flushEv
 .text._ZN10AP_HAL_AVR13AVRUARTDriver5writeEh
                0x00000000000066be       0x60 /tmp/QuadControl.build/libraries/AP_HAL_AVR/UARTDriver.o
                0x00000000000066be                _ZN10AP_HAL_AVR13AVRUARTDriver5writeEh
 .text._ZN10AP_HAL_AVR13AVRUARTDriver5writeEPKhj
                0x000000000000671e      0x114 /tmp/QuadControl.build/libraries/AP_HAL_AVR/UARTDriver.o
                0x000000000000671e                _ZN10AP_HAL_AVR13AVRUARTDriver5writeEPKhj
 .text._ZN10AP_HAL_AVR13AVRUARTDriverC2EhPVhS2_S2_S2_hhh
                0x0000000000006832       0x74 /tmp/QuadControl.build/libraries/AP_HAL_AVR/UARTDriver.o
                0x0000000000006832                _ZN10AP_HAL_AVR13AVRUARTDriverC1EhPVhS2_S2_S2_hhh
                0x0000000000006832                _ZN10AP_HAL_AVR13AVRUARTDriverC2EhPVhS2_S2_S2_hhh
 .text._ZN10AP_HAL_AVR13AVRUARTDriver12_allocBufferEPNS0_6BufferEj
                0x00000000000068a6       0x74 /tmp/QuadControl.build/libraries/AP_HAL_AVR/UARTDriver.o
                0x00000000000068a6                _ZN10AP_HAL_AVR13AVRUARTDriver12_allocBufferEPNS0_6BufferEj
 .text._ZN10AP_HAL_AVR13AVRUARTDriver5beginEmjj
                0x000000000000691a      0x170 /tmp/QuadControl.build/libraries/AP_HAL_AVR/UARTDriver.o
                0x000000000000691a                _ZN10AP_HAL_AVR13AVRUARTDriver5beginEmjj
 .text._ZN10AP_HAL_AVR13AVRUARTDriver11_freeBufferEPNS0_6BufferE
                0x0000000000006a8a       0x24 /tmp/QuadControl.build/libraries/AP_HAL_AVR/UARTDriver.o
                0x0000000000006a8a                _ZN10AP_HAL_AVR13AVRUARTDriver11_freeBufferEPNS0_6BufferE
 .text._ZN10AP_HAL_AVR13AVRUARTDriver3endEv
                0x0000000000006aae       0x2c /tmp/QuadControl.build/libraries/AP_HAL_AVR/UARTDriver.o
                0x0000000000006aae                _ZN10AP_HAL_AVR13AVRUARTDriver3endEv
 .text._ZL16current_stackptrv
                0x0000000000006ada       0x14 /tmp/QuadControl.build/libraries/AP_HAL_AVR/memcheck.o
 .text._ZL24memcheck_update_stackptrv
                0x0000000000006aee       0x1e /tmp/QuadControl.build/libraries/AP_HAL_AVR/memcheck.o
 .text._Z13memcheck_initv
                0x0000000000006b0c       0x38 /tmp/QuadControl.build/libraries/AP_HAL_AVR/memcheck.o
                0x0000000000006b0c                _Z13memcheck_initv
 .text._Z25memcheck_available_memoryv
                0x0000000000006b44       0x40 /tmp/QuadControl.build/libraries/AP_HAL_AVR/memcheck.o
                0x0000000000006b44                _Z25memcheck_available_memoryv
 .text._ZN10AP_HAL_AVR12AVRI2CDriver10setTimeoutEj
                0x0000000000006b84        0x8 /tmp/QuadControl.build/libraries/AP_HAL_AVR/I2CDriver.o
                0x0000000000006b84                _ZN10AP_HAL_AVR12AVRI2CDriver10setTimeoutEj
 .text._ZN10AP_HAL_AVR12AVRI2CDriver12lockup_countEv
                0x0000000000006b8c        0x6 /tmp/QuadControl.build/libraries/AP_HAL_AVR/I2CDriver.o
                0x0000000000006b8c                _ZN10AP_HAL_AVR12AVRI2CDriver12lockup_countEv
 .text._ZN10AP_HAL_AVR12AVRI2CDriver13get_semaphoreEv
                0x0000000000006b92        0x8 /tmp/QuadControl.build/libraries/AP_HAL_AVR/I2CDriver.o
                0x0000000000006b92                _ZN10AP_HAL_AVR12AVRI2CDriver13get_semaphoreEv
 .text._ZN10AP_HAL_AVR12AVRI2CDriver5beginEv
                0x0000000000006b9a       0x30 /tmp/QuadControl.build/libraries/AP_HAL_AVR/I2CDriver.o
                0x0000000000006b9a                _ZN10AP_HAL_AVR12AVRI2CDriver5beginEv
 .text._ZN10AP_HAL_AVR12AVRI2CDriver3endEv
                0x0000000000006bca        0x6 /tmp/QuadControl.build/libraries/AP_HAL_AVR/I2CDriver.o
                0x0000000000006bca                _ZN10AP_HAL_AVR12AVRI2CDriver3endEv
 .text._ZN10AP_HAL_AVR12AVRI2CDriver12setHighSpeedEb
                0x0000000000006bd0       0x10 /tmp/QuadControl.build/libraries/AP_HAL_AVR/I2CDriver.o
                0x0000000000006bd0                _ZN10AP_HAL_AVR12AVRI2CDriver12setHighSpeedEb
 .text._ZN10AP_HAL_AVR12AVRI2CDriver13writeRegisterEhhh
                0x0000000000006be0       0x2c /tmp/QuadControl.build/libraries/AP_HAL_AVR/I2CDriver.o
                0x0000000000006be0                _ZN10AP_HAL_AVR12AVRI2CDriver13writeRegisterEhhh
 .text._ZN10AP_HAL_AVR12AVRI2CDriver12readRegisterEhhPh
                0x0000000000006c0c       0x1c /tmp/QuadControl.build/libraries/AP_HAL_AVR/I2CDriver.o
                0x0000000000006c0c                _ZN10AP_HAL_AVR12AVRI2CDriver12readRegisterEhhPh
 .text._ZN10AP_HAL_AVR12AVRI2CDriver13_handleLockupEv
                0x0000000000006c28       0x14 /tmp/QuadControl.build/libraries/AP_HAL_AVR/I2CDriver.o
                0x0000000000006c28                _ZN10AP_HAL_AVR12AVRI2CDriver13_handleLockupEv
 .text._ZN10AP_HAL_AVR12AVRI2CDriver14_waitInterruptEv
                0x0000000000006c3c       0x90 /tmp/QuadControl.build/libraries/AP_HAL_AVR/I2CDriver.o
                0x0000000000006c3c                _ZN10AP_HAL_AVR12AVRI2CDriver14_waitInterruptEv
 .text._ZN10AP_HAL_AVR12AVRI2CDriver6_startEv
                0x0000000000006ccc       0x2c /tmp/QuadControl.build/libraries/AP_HAL_AVR/I2CDriver.o
                0x0000000000006ccc                _ZN10AP_HAL_AVR12AVRI2CDriver6_startEv
 .text._ZN10AP_HAL_AVR12AVRI2CDriver12_sendAddressEh
                0x0000000000006cf8        0xc /tmp/QuadControl.build/libraries/AP_HAL_AVR/I2CDriver.o
                0x0000000000006cf8                _ZN10AP_HAL_AVR12AVRI2CDriver12_sendAddressEh
 .text._ZN10AP_HAL_AVR12AVRI2CDriver9_sendByteEh
                0x0000000000006d04       0x26 /tmp/QuadControl.build/libraries/AP_HAL_AVR/I2CDriver.o
                0x0000000000006d04                _ZN10AP_HAL_AVR12AVRI2CDriver9_sendByteEh
 .text._ZN10AP_HAL_AVR12AVRI2CDriver12_receiveByteEb
                0x0000000000006d2a       0x1c /tmp/QuadControl.build/libraries/AP_HAL_AVR/I2CDriver.o
                0x0000000000006d2a                _ZN10AP_HAL_AVR12AVRI2CDriver12_receiveByteEb
 .text._ZN10AP_HAL_AVR12AVRI2CDriver9_waitStopEv
                0x0000000000006d46       0x90 /tmp/QuadControl.build/libraries/AP_HAL_AVR/I2CDriver.o
                0x0000000000006d46                _ZN10AP_HAL_AVR12AVRI2CDriver9_waitStopEv
 .text._ZN10AP_HAL_AVR12AVRI2CDriver5_stopEv
                0x0000000000006dd6        0x8 /tmp/QuadControl.build/libraries/AP_HAL_AVR/I2CDriver.o
                0x0000000000006dd6                _ZN10AP_HAL_AVR12AVRI2CDriver5_stopEv
 .text._ZN10AP_HAL_AVR12AVRI2CDriver5writeEhhPh
                0x0000000000006dde       0x5e /tmp/QuadControl.build/libraries/AP_HAL_AVR/I2CDriver.o
                0x0000000000006dde                _ZN10AP_HAL_AVR12AVRI2CDriver5writeEhhPh
 .text._ZN10AP_HAL_AVR12AVRI2CDriver14writeRegistersEhhhPh
                0x0000000000006e3c       0x6a /tmp/QuadControl.build/libraries/AP_HAL_AVR/I2CDriver.o
                0x0000000000006e3c                _ZN10AP_HAL_AVR12AVRI2CDriver14writeRegistersEhhhPh
 .text._ZN10AP_HAL_AVR12AVRI2CDriver4readEhhPh
                0x0000000000006ea6       0x86 /tmp/QuadControl.build/libraries/AP_HAL_AVR/I2CDriver.o
                0x0000000000006ea6                _ZN10AP_HAL_AVR12AVRI2CDriver4readEhhPh
 .text._ZN10AP_HAL_AVR12AVRI2CDriver13readRegistersEhhhPh
                0x0000000000006f2c       0x9c /tmp/QuadControl.build/libraries/AP_HAL_AVR/I2CDriver.o
                0x0000000000006f2c                _ZN10AP_HAL_AVR12AVRI2CDriver13readRegistersEhhhPh
 .text.__vector_39
                0x0000000000006fc8       0x4e /tmp/QuadControl.build/libraries/AP_HAL_AVR/I2CDriver.o
                0x0000000000006fc8                __vector_39
 .text._ZN6AP_HAL8RCOutput14set_safety_pwmEmj
                0x0000000000007016        0x2 /tmp/QuadControl.build/libraries/AP_HAL_AVR/RCOutput_APM2.o
                0x0000000000007016                _ZN6AP_HAL8RCOutput14set_safety_pwmEmj
 .text._ZN6AP_HAL8RCOutput16set_failsafe_pwmEmj
                0x0000000000007018        0x2 /tmp/QuadControl.build/libraries/AP_HAL_AVR/RCOutput_APM2.o
                0x0000000000007018                _ZN6AP_HAL8RCOutput16set_failsafe_pwmEmj
 .text._ZN6AP_HAL8RCOutput16force_safety_offEv
                0x000000000000701a        0x2 /tmp/QuadControl.build/libraries/AP_HAL_AVR/RCOutput_APM2.o
                0x000000000000701a                _ZN6AP_HAL8RCOutput16force_safety_offEv
 .text._ZN10AP_HAL_AVR12APM2RCOutput4initEPv
                0x000000000000701c      0x17e /tmp/QuadControl.build/libraries/AP_HAL_AVR/RCOutput_APM2.o
                0x000000000000701c                _ZN10AP_HAL_AVR12APM2RCOutput4initEPv
 .text._ZN10AP_HAL_AVR12APM2RCOutput8set_freqEmj
                0x000000000000719a       0x78 /tmp/QuadControl.build/libraries/AP_HAL_AVR/RCOutput_APM2.o
                0x000000000000719a                _ZN10AP_HAL_AVR12APM2RCOutput8set_freqEmj
 .text._ZN10AP_HAL_AVR12APM2RCOutput8get_freqEh
                0x0000000000007212       0x58 /tmp/QuadControl.build/libraries/AP_HAL_AVR/RCOutput_APM2.o
                0x0000000000007212                _ZN10AP_HAL_AVR12APM2RCOutput8get_freqEh
 .text._ZN10AP_HAL_AVR12APM2RCOutput9enable_chEh
                0x000000000000726a       0x78 /tmp/QuadControl.build/libraries/AP_HAL_AVR/RCOutput_APM2.o
                0x000000000000726a                _ZN10AP_HAL_AVR12APM2RCOutput9enable_chEh
 .text._ZN10AP_HAL_AVR12APM2RCOutput10disable_chEh
                0x00000000000072e2       0x78 /tmp/QuadControl.build/libraries/AP_HAL_AVR/RCOutput_APM2.o
                0x00000000000072e2                _ZN10AP_HAL_AVR12APM2RCOutput10disable_chEh
 .text._ZN10AP_HAL_AVR12APM2RCOutput5writeEhj
                0x000000000000735a       0xa0 /tmp/QuadControl.build/libraries/AP_HAL_AVR/RCOutput_APM2.o
                0x000000000000735a                _ZN10AP_HAL_AVR12APM2RCOutput5writeEhj
 .text._ZN10AP_HAL_AVR12APM2RCOutput5writeEhPjh
                0x00000000000073fa       0x4a /tmp/QuadControl.build/libraries/AP_HAL_AVR/RCOutput_APM2.o
                0x00000000000073fa                _ZN10AP_HAL_AVR12APM2RCOutput5writeEhPjh
 .text._ZN10AP_HAL_AVR12APM2RCOutput4readEh
                0x0000000000007444       0x86 /tmp/QuadControl.build/libraries/AP_HAL_AVR/RCOutput_APM2.o
                0x0000000000007444                _ZN10AP_HAL_AVR12APM2RCOutput4readEh
 .text._ZN10AP_HAL_AVR12APM2RCOutput4readEPjh
                0x00000000000074ca       0x46 /tmp/QuadControl.build/libraries/AP_HAL_AVR/RCOutput_APM2.o
                0x00000000000074ca                _ZN10AP_HAL_AVR12APM2RCOutput4readEPjh
 .text._ZN10AP_HAL_AVR8AVRTimer4initEv
                0x0000000000007510       0x58 /tmp/QuadControl.build/libraries/AP_HAL_AVR/Scheduler_Timer.o
                0x0000000000007510                _ZN10AP_HAL_AVR8AVRTimer4initEv
 .text.__vector_50
                0x0000000000007568       0x72 /tmp/QuadControl.build/libraries/AP_HAL_AVR/Scheduler_Timer.o
                0x0000000000007568                __vector_50
 .text._ZN10AP_HAL_AVR8AVRTimer6microsEv
                0x00000000000075da       0x46 /tmp/QuadControl.build/libraries/AP_HAL_AVR/Scheduler_Timer.o
                0x00000000000075da                _ZN10AP_HAL_AVR8AVRTimer6microsEv
 .text._ZN10AP_HAL_AVR8AVRTimer6millisEv
                0x0000000000007620       0x4a /tmp/QuadControl.build/libraries/AP_HAL_AVR/Scheduler_Timer.o
                0x0000000000007620                _ZN10AP_HAL_AVR8AVRTimer6millisEv
 .text._ZN10AP_HAL_AVR8AVRTimer18delay_microsecondsEj
                0x000000000000766a       0x14 /tmp/QuadControl.build/libraries/AP_HAL_AVR/Scheduler_Timer.o
                0x000000000000766a                _ZN10AP_HAL_AVR8AVRTimer18delay_microsecondsEj
 .text._ZN6AP_HAL4Util19safety_switch_stateEv
                0x000000000000767e        0x6 /tmp/QuadControl.build/libraries/AP_HAL_AVR/HAL_AVR_APM2_Class.o
                0x000000000000767e                _ZN6AP_HAL4Util19safety_switch_stateEv
 .text._ZN6AP_HAL4Util16set_system_clockEy
                0x0000000000007684        0x2 /tmp/QuadControl.build/libraries/AP_HAL_AVR/HAL_AVR_APM2_Class.o
                0x0000000000007684                _ZN6AP_HAL4Util16set_system_clockEy
 .text._ZN6AP_HAL4Util13get_system_idEPc
                0x0000000000007686        0x4 /tmp/QuadControl.build/libraries/AP_HAL_AVR/HAL_AVR_APM2_Class.o
                0x0000000000007686                _ZN6AP_HAL4Util13get_system_idEPc
 .text._ZN6AP_HAL4Util21commandline_argumentsERhRPKPc
                0x000000000000768a        0x6 /tmp/QuadControl.build/libraries/AP_HAL_AVR/HAL_AVR_APM2_Class.o
                0x000000000000768a                _ZN6AP_HAL4Util21commandline_argumentsERhRPKPc
 .text._ZN10AP_HAL_AVR7AVRUtil15run_debug_shellEPN6AP_HAL12BetterStreamE
                0x0000000000007690        0x4 /tmp/QuadControl.build/libraries/AP_HAL_AVR/HAL_AVR_APM2_Class.o
                0x0000000000007690                _ZN10AP_HAL_AVR7AVRUtil15run_debug_shellEPN6AP_HAL12BetterStreamE
 .text._ZNK12HAL_AVR_APM24initEiPKPc
                0x0000000000007694       0xda /tmp/QuadControl.build/libraries/AP_HAL_AVR/HAL_AVR_APM2_Class.o
                0x0000000000007694                _ZNK12HAL_AVR_APM24initEiPKPc
 .text._ZN10AP_HAL_AVR7AVRUtil16available_memoryEv
                0x000000000000776e        0x4 /tmp/QuadControl.build/libraries/AP_HAL_AVR/HAL_AVR_APM2_Class.o
                0x000000000000776e                _ZN10AP_HAL_AVR7AVRUtil16available_memoryEv
 .text.__vector_25
                0x0000000000007772       0x5e /tmp/QuadControl.build/libraries/AP_HAL_AVR/HAL_AVR_APM2_Class.o
                0x0000000000007772                __vector_25
 .text.__vector_26
                0x00000000000077d0       0x76 /tmp/QuadControl.build/libraries/AP_HAL_AVR/HAL_AVR_APM2_Class.o
                0x00000000000077d0                __vector_26
 .text.__vector_36
                0x0000000000007846       0x5e /tmp/QuadControl.build/libraries/AP_HAL_AVR/HAL_AVR_APM2_Class.o
                0x0000000000007846                __vector_36
 .text.__vector_37
                0x00000000000078a4       0x76 /tmp/QuadControl.build/libraries/AP_HAL_AVR/HAL_AVR_APM2_Class.o
                0x00000000000078a4                __vector_37
 .text.__vector_51
                0x000000000000791a       0x5e /tmp/QuadControl.build/libraries/AP_HAL_AVR/HAL_AVR_APM2_Class.o
                0x000000000000791a                __vector_51
 .text.__vector_52
                0x0000000000007978       0x76 /tmp/QuadControl.build/libraries/AP_HAL_AVR/HAL_AVR_APM2_Class.o
                0x0000000000007978                __vector_52
 .text._ZN12HAL_AVR_APM2C2Ev
                0x00000000000079ee       0x78 /tmp/QuadControl.build/libraries/AP_HAL_AVR/HAL_AVR_APM2_Class.o
                0x00000000000079ee                _ZN12HAL_AVR_APM2C2Ev
                0x00000000000079ee                _ZN12HAL_AVR_APM2C1Ev
 .text.startup._GLOBAL__sub_I___vector_25
                0x0000000000007a66       0xf6 /tmp/QuadControl.build/libraries/AP_HAL_AVR/HAL_AVR_APM2_Class.o
 .text._ZN10AP_HAL_AVR11APM2RCInput15_timer5_capt_cbEv
                0x0000000000007b5c       0x72 /tmp/QuadControl.build/libraries/AP_HAL_AVR/RCInput_APM2.o
                0x0000000000007b5c                _ZN10AP_HAL_AVR11APM2RCInput15_timer5_capt_cbEv
 .text._ZN10AP_HAL_AVR11APM2RCInput9new_inputEv
                0x0000000000007bce        0x6 /tmp/QuadControl.build/libraries/AP_HAL_AVR/RCInput_APM2.o
                0x0000000000007bce                _ZN10AP_HAL_AVR11APM2RCInput9new_inputEv
 .text._ZN10AP_HAL_AVR11APM2RCInput12num_channelsEv
                0x0000000000007bd4        0x6 /tmp/QuadControl.build/libraries/AP_HAL_AVR/RCInput_APM2.o
                0x0000000000007bd4                _ZN10AP_HAL_AVR11APM2RCInput12num_channelsEv
 .text._ZN10AP_HAL_AVR11APM2RCInput4readEPjh
                0x0000000000007bda       0x8e /tmp/QuadControl.build/libraries/AP_HAL_AVR/RCInput_APM2.o
                0x0000000000007bda                _ZN10AP_HAL_AVR11APM2RCInput4readEPjh
 .text._ZN10AP_HAL_AVR11APM2RCInput13set_overridesEPih
                0x0000000000007c68       0x5c /tmp/QuadControl.build/libraries/AP_HAL_AVR/RCInput_APM2.o
                0x0000000000007c68                _ZN10AP_HAL_AVR11APM2RCInput13set_overridesEPih
 .text._ZN10AP_HAL_AVR11APM2RCInput12set_overrideEhi
                0x0000000000007cc4       0x26 /tmp/QuadControl.build/libraries/AP_HAL_AVR/RCInput_APM2.o
                0x0000000000007cc4                _ZN10AP_HAL_AVR11APM2RCInput12set_overrideEhi
 .text._ZN10AP_HAL_AVR11APM2RCInput15clear_overridesEv
                0x0000000000007cea       0x12 /tmp/QuadControl.build/libraries/AP_HAL_AVR/RCInput_APM2.o
                0x0000000000007cea                _ZN10AP_HAL_AVR11APM2RCInput15clear_overridesEv
 .text._ZN10AP_HAL_AVR11APM2RCInput4initEPv
                0x0000000000007cfc       0x90 /tmp/QuadControl.build/libraries/AP_HAL_AVR/RCInput_APM2.o
                0x0000000000007cfc                _ZN10AP_HAL_AVR11APM2RCInput4initEPv
 .text._ZN10AP_HAL_AVR11APM2RCInput4readEh
                0x0000000000007d8c       0x5e /tmp/QuadControl.build/libraries/AP_HAL_AVR/RCInput_APM2.o
                0x0000000000007d8c                _ZN10AP_HAL_AVR11APM2RCInput4readEh
 .text._ZN10AP_HAL_AVR20APM2SPIDeviceManager6deviceEN6AP_HAL9SPIDeviceE
                0x0000000000007dea       0x46 /tmp/QuadControl.build/libraries/AP_HAL_AVR/SPIDeviceManager_APM2.o
                0x0000000000007dea                _ZN10AP_HAL_AVR20APM2SPIDeviceManager6deviceEN6AP_HAL9SPIDeviceE
 .text._ZN10AP_HAL_AVR20APM2SPIDeviceManager4initEPv
                0x0000000000007e30      0x150 /tmp/QuadControl.build/libraries/AP_HAL_AVR/SPIDeviceManager_APM2.o
                0x0000000000007e30                _ZN10AP_HAL_AVR20APM2SPIDeviceManager4initEPv
 .text._ZN10AP_HAL_AVR19AVRSPI0DeviceDriver4initEv
                0x0000000000007f80       0x8e /tmp/QuadControl.build/libraries/AP_HAL_AVR/SPIDevice_SPI0.o
                0x0000000000007f80                _ZN10AP_HAL_AVR19AVRSPI0DeviceDriver4initEv
 .text._ZN10AP_HAL_AVR19AVRSPI0DeviceDriver13get_semaphoreEv
                0x000000000000800e        0x6 /tmp/QuadControl.build/libraries/AP_HAL_AVR/SPIDevice_SPI0.o
                0x000000000000800e                _ZN10AP_HAL_AVR19AVRSPI0DeviceDriver13get_semaphoreEv
 .text._ZN10AP_HAL_AVR19AVRSPI0DeviceDriver13set_bus_speedEN6AP_HAL15SPIDeviceDriver9bus_speedE
                0x0000000000008014       0x1e /tmp/QuadControl.build/libraries/AP_HAL_AVR/SPIDevice_SPI0.o
                0x0000000000008014                _ZN10AP_HAL_AVR19AVRSPI0DeviceDriver13set_bus_speedEN6AP_HAL15SPIDeviceDriver9bus_speedE
 .text._ZN10AP_HAL_AVR19AVRSPI0DeviceDriver10_cs_assertEv
                0x0000000000008032       0x3a /tmp/QuadControl.build/libraries/AP_HAL_AVR/SPIDevice_SPI0.o
                0x0000000000008032                _ZN10AP_HAL_AVR19AVRSPI0DeviceDriver10_cs_assertEv
 .text._ZN10AP_HAL_AVR19AVRSPI0DeviceDriver9cs_assertEv
                0x000000000000806c        0x4 /tmp/QuadControl.build/libraries/AP_HAL_AVR/SPIDevice_SPI0.o
                0x000000000000806c                _ZN10AP_HAL_AVR19AVRSPI0DeviceDriver9cs_assertEv
 .text._ZN10AP_HAL_AVR19AVRSPI0DeviceDriver11_cs_releaseEv
                0x0000000000008070       0x1c /tmp/QuadControl.build/libraries/AP_HAL_AVR/SPIDevice_SPI0.o
                0x0000000000008070                _ZN10AP_HAL_AVR19AVRSPI0DeviceDriver11_cs_releaseEv
 .text._ZN10AP_HAL_AVR19AVRSPI0DeviceDriver10cs_releaseEv
                0x000000000000808c        0x4 /tmp/QuadControl.build/libraries/AP_HAL_AVR/SPIDevice_SPI0.o
                0x000000000000808c                _ZN10AP_HAL_AVR19AVRSPI0DeviceDriver10cs_releaseEv
 .text._ZN10AP_HAL_AVR19AVRSPI0DeviceDriver9_transferEh
                0x0000000000008090       0x6a /tmp/QuadControl.build/libraries/AP_HAL_AVR/SPIDevice_SPI0.o
                0x0000000000008090                _ZN10AP_HAL_AVR19AVRSPI0DeviceDriver9_transferEh
 .text._ZN10AP_HAL_AVR19AVRSPI0DeviceDriver8transferEPKhj
                0x00000000000080fa       0x2e /tmp/QuadControl.build/libraries/AP_HAL_AVR/SPIDevice_SPI0.o
                0x00000000000080fa                _ZN10AP_HAL_AVR19AVRSPI0DeviceDriver8transferEPKhj
 .text._ZN10AP_HAL_AVR19AVRSPI0DeviceDriver8transferEh
                0x0000000000008128        0x4 /tmp/QuadControl.build/libraries/AP_HAL_AVR/SPIDevice_SPI0.o
                0x0000000000008128                _ZN10AP_HAL_AVR19AVRSPI0DeviceDriver8transferEh
 .text._ZN10AP_HAL_AVR19AVRSPI0DeviceDriver11_transfer16EPKhPh
                0x000000000000812c      0x12a /tmp/QuadControl.build/libraries/AP_HAL_AVR/SPIDevice_SPI0.o
                0x000000000000812c                _ZN10AP_HAL_AVR19AVRSPI0DeviceDriver11_transfer16EPKhPh
 .text._ZN10AP_HAL_AVR19AVRSPI0DeviceDriver11transactionEPKhPhj
                0x0000000000008256       0x8a /tmp/QuadControl.build/libraries/AP_HAL_AVR/SPIDevice_SPI0.o
                0x0000000000008256                _ZN10AP_HAL_AVR19AVRSPI0DeviceDriver11transactionEPKhPhj
 .text.startup._GLOBAL__sub_I__ZN10AP_HAL_AVR19AVRSPI0DeviceDriver10_semaphoreE
                0x00000000000082e0        0x8 /tmp/QuadControl.build/libraries/AP_HAL_AVR/SPIDevice_SPI0.o
 .text._ZN10AP_HAL_AVR19AVRSPI3DeviceDriver13get_semaphoreEv
                0x00000000000082e8        0x6 /tmp/QuadControl.build/libraries/AP_HAL_AVR/SPIDevice_SPI3.o
                0x00000000000082e8                _ZN10AP_HAL_AVR19AVRSPI3DeviceDriver13get_semaphoreEv
 .text._ZN10AP_HAL_AVR19AVRSPI3DeviceDriver4initEv
                0x00000000000082ee       0xa4 /tmp/QuadControl.build/libraries/AP_HAL_AVR/SPIDevice_SPI3.o
                0x00000000000082ee                _ZN10AP_HAL_AVR19AVRSPI3DeviceDriver4initEv
 .text._ZN10AP_HAL_AVR19AVRSPI3DeviceDriver10_cs_assertEv
                0x0000000000008392       0x34 /tmp/QuadControl.build/libraries/AP_HAL_AVR/SPIDevice_SPI3.o
                0x0000000000008392                _ZN10AP_HAL_AVR19AVRSPI3DeviceDriver10_cs_assertEv
 .text._ZN10AP_HAL_AVR19AVRSPI3DeviceDriver9cs_assertEv
                0x00000000000083c6        0x4 /tmp/QuadControl.build/libraries/AP_HAL_AVR/SPIDevice_SPI3.o
                0x00000000000083c6                _ZN10AP_HAL_AVR19AVRSPI3DeviceDriver9cs_assertEv
 .text._ZN10AP_HAL_AVR19AVRSPI3DeviceDriver11_cs_releaseEv
                0x00000000000083ca       0x1c /tmp/QuadControl.build/libraries/AP_HAL_AVR/SPIDevice_SPI3.o
                0x00000000000083ca                _ZN10AP_HAL_AVR19AVRSPI3DeviceDriver11_cs_releaseEv
 .text._ZN10AP_HAL_AVR19AVRSPI3DeviceDriver10cs_releaseEv
                0x00000000000083e6        0x4 /tmp/QuadControl.build/libraries/AP_HAL_AVR/SPIDevice_SPI3.o
                0x00000000000083e6                _ZN10AP_HAL_AVR19AVRSPI3DeviceDriver10cs_releaseEv
 .text._ZN10AP_HAL_AVR19AVRSPI3DeviceDriver9_transferEh
                0x00000000000083ea       0x1a /tmp/QuadControl.build/libraries/AP_HAL_AVR/SPIDevice_SPI3.o
                0x00000000000083ea                _ZN10AP_HAL_AVR19AVRSPI3DeviceDriver9_transferEh
 .text._ZN10AP_HAL_AVR19AVRSPI3DeviceDriver8transferEh
                0x0000000000008404        0x4 /tmp/QuadControl.build/libraries/AP_HAL_AVR/SPIDevice_SPI3.o
                0x0000000000008404                _ZN10AP_HAL_AVR19AVRSPI3DeviceDriver8transferEh
 .text._ZN10AP_HAL_AVR19AVRSPI3DeviceDriver9_transferEPKhj
                0x0000000000008408       0x2a /tmp/QuadControl.build/libraries/AP_HAL_AVR/SPIDevice_SPI3.o
                0x0000000000008408                _ZN10AP_HAL_AVR19AVRSPI3DeviceDriver9_transferEPKhj
 .text._ZN10AP_HAL_AVR19AVRSPI3DeviceDriver11transactionEPKhPhj
                0x0000000000008432       0x56 /tmp/QuadControl.build/libraries/AP_HAL_AVR/SPIDevice_SPI3.o
                0x0000000000008432                _ZN10AP_HAL_AVR19AVRSPI3DeviceDriver11transactionEPKhPhj
 .text._ZN10AP_HAL_AVR19AVRSPI3DeviceDriver8transferEPKhj
                0x0000000000008488        0x4 /tmp/QuadControl.build/libraries/AP_HAL_AVR/SPIDevice_SPI3.o
                0x0000000000008488                _ZN10AP_HAL_AVR19AVRSPI3DeviceDriver8transferEPKhj
 .text.startup._GLOBAL__sub_I__ZN10AP_HAL_AVR19AVRSPI3DeviceDriver10_semaphoreE
                0x000000000000848c        0x8 /tmp/QuadControl.build/libraries/AP_HAL_AVR/SPIDevice_SPI3.o
 .text._ZN6AP_HAL8AnalogIn17servorail_voltageEv
                0x0000000000008494        0x8 /tmp/QuadControl.build/libraries/AP_HAL_AVR/AnalogIn_Common.o
                0x0000000000008494                _ZN6AP_HAL8AnalogIn17servorail_voltageEv
 .text._ZN6AP_HAL8AnalogIn18power_status_flagsEv
                0x000000000000849c        0x6 /tmp/QuadControl.build/libraries/AP_HAL_AVR/AnalogIn_Common.o
                0x000000000000849c                _ZN6AP_HAL8AnalogIn18power_status_flagsEv
 .text._ZN10AP_HAL_AVR11AVRAnalogIn12_timer_eventEv
                0x00000000000084a2       0xc2 /tmp/QuadControl.build/libraries/AP_HAL_AVR/AnalogIn_Common.o
                0x00000000000084a2                _ZN10AP_HAL_AVR11AVRAnalogIn12_timer_eventEv
 .text._ZN10AP_HAL_AVR11AVRAnalogInC2Ev
                0x0000000000008564       0x12 /tmp/QuadControl.build/libraries/AP_HAL_AVR/AnalogIn_Common.o
                0x0000000000008564                _ZN10AP_HAL_AVR11AVRAnalogInC1Ev
                0x0000000000008564                _ZN10AP_HAL_AVR11AVRAnalogInC2Ev
 .text._ZN10AP_HAL_AVR11AVRAnalogIn17_register_channelEPNS_9ADCSourceE
                0x0000000000008576       0x98 /tmp/QuadControl.build/libraries/AP_HAL_AVR/AnalogIn_Common.o
                0x0000000000008576                _ZN10AP_HAL_AVR11AVRAnalogIn17_register_channelEPNS_9ADCSourceE
 .text._ZN10AP_HAL_AVR11AVRAnalogIn15_create_channelEi
                0x000000000000860e       0x30 /tmp/QuadControl.build/libraries/AP_HAL_AVR/AnalogIn_Common.o
                0x000000000000860e                _ZN10AP_HAL_AVR11AVRAnalogIn15_create_channelEi
 .text._ZN10AP_HAL_AVR11AVRAnalogIn7channelEi
                0x000000000000863e        0xc /tmp/QuadControl.build/libraries/AP_HAL_AVR/AnalogIn_Common.o
                0x000000000000863e                _ZN10AP_HAL_AVR11AVRAnalogIn7channelEi
 .text._ZN10AP_HAL_AVR11AVRAnalogIn4initEPv
                0x000000000000864a       0x54 /tmp/QuadControl.build/libraries/AP_HAL_AVR/AnalogIn_Common.o
                0x000000000000864a                _ZN10AP_HAL_AVR11AVRAnalogIn4initEPv
 .text._ZN10AP_HAL_AVR11AVRAnalogIn13board_voltageEv
                0x000000000000869e        0x6 /tmp/QuadControl.build/libraries/AP_HAL_AVR/AnalogIn_Common.o
                0x000000000000869e                _ZN10AP_HAL_AVR11AVRAnalogIn13board_voltageEv
 .text._ZN10AP_HAL_AVR16AVREEPROMStorage4initEPv
                0x00000000000086a4        0x2 /tmp/QuadControl.build/libraries/AP_HAL_AVR/Storage.o
                0x00000000000086a4                _ZN10AP_HAL_AVR16AVREEPROMStorage4initEPv
 .text._ZN10AP_HAL_AVR16AVREEPROMStorage10read_blockEPvjj
                0x00000000000086a6        0xa /tmp/QuadControl.build/libraries/AP_HAL_AVR/Storage.o
                0x00000000000086a6                _ZN10AP_HAL_AVR16AVREEPROMStorage10read_blockEPvjj
 .text._ZN10AP_HAL_AVR16AVREEPROMStorage11write_blockEjPKvj
                0x00000000000086b0       0x40 /tmp/QuadControl.build/libraries/AP_HAL_AVR/Storage.o
                0x00000000000086b0                _ZN10AP_HAL_AVR16AVREEPROMStorage11write_blockEjPKvj
 .text._ZN25AP_InertialSensor_BackendC2ER17AP_InertialSensor
                0x00000000000086f0       0x14 /tmp/QuadControl.build/libraries/AP_InertialSensor/AP_InertialSensor_Backend.o
                0x00000000000086f0                _ZN25AP_InertialSensor_BackendC2ER17AP_InertialSensor
                0x00000000000086f0                _ZN25AP_InertialSensor_BackendC1ER17AP_InertialSensor
 .text._ZN25AP_InertialSensor_Backend23_rotate_and_offset_gyroEhRK7Vector3IfE
                0x0000000000008704       0x90 /tmp/QuadControl.build/libraries/AP_InertialSensor/AP_InertialSensor_Backend.o
                0x0000000000008704                _ZN25AP_InertialSensor_Backend23_rotate_and_offset_gyroEhRK7Vector3IfE
 .text._ZN25AP_InertialSensor_Backend24_rotate_and_offset_accelEhRK7Vector3IfE
                0x0000000000008794      0x104 /tmp/QuadControl.build/libraries/AP_InertialSensor/AP_InertialSensor_Backend.o
                0x0000000000008794                _ZN25AP_InertialSensor_Backend24_rotate_and_offset_accelEhRK7Vector3IfE
 .text._ZNK25AP_InertialSensor_Backend15_default_filterEv
                0x0000000000008898       0x22 /tmp/QuadControl.build/libraries/AP_InertialSensor/AP_InertialSensor_Backend.o
                0x0000000000008898                _ZNK25AP_InertialSensor_Backend15_default_filterEv
 .text._ZN25AP_InertialSensor_MPU600021gyro_sample_availableEv
                0x00000000000088ba       0x16 /tmp/QuadControl.build/libraries/AP_InertialSensor/AP_InertialSensor_MPU6000.o
                0x00000000000088ba                _ZN25AP_InertialSensor_MPU600021gyro_sample_availableEv
 .text._ZN25AP_InertialSensor_MPU600022accel_sample_availableEv
                0x00000000000088d0       0x16 /tmp/QuadControl.build/libraries/AP_InertialSensor/AP_InertialSensor_MPU6000.o
                0x00000000000088d0                _ZN25AP_InertialSensor_MPU600022accel_sample_availableEv
 .text._ZN25AP_InertialSensor_MPU6000D2Ev
                0x00000000000088e6        0x2 /tmp/QuadControl.build/libraries/AP_InertialSensor/AP_InertialSensor_MPU6000.o
                0x00000000000088e6                _ZN25AP_InertialSensor_MPU6000D1Ev
                0x00000000000088e6                _ZN25AP_InertialSensor_MPU6000D2Ev
 .text._ZN25AP_InertialSensor_MPU6000D0Ev
                0x00000000000088e8        0x6 /tmp/QuadControl.build/libraries/AP_InertialSensor/AP_InertialSensor_MPU6000.o
                0x00000000000088e8                _ZN25AP_InertialSensor_MPU6000D0Ev
 .text._ZN25AP_InertialSensor_MPU6000C2ER17AP_InertialSensor
                0x00000000000088ee       0x5e /tmp/QuadControl.build/libraries/AP_InertialSensor/AP_InertialSensor_MPU6000.o
                0x00000000000088ee                _ZN25AP_InertialSensor_MPU6000C1ER17AP_InertialSensor
                0x00000000000088ee                _ZN25AP_InertialSensor_MPU6000C2ER17AP_InertialSensor
 .text._ZN25AP_InertialSensor_MPU600022_read_data_transactionEv
                0x000000000000894c      0x202 /tmp/QuadControl.build/libraries/AP_InertialSensor/AP_InertialSensor_MPU6000.o
                0x000000000000894c                _ZN25AP_InertialSensor_MPU600022_read_data_transactionEv
 .text._ZN25AP_InertialSensor_MPU600014_register_readEh
                0x0000000000008b4e       0x44 /tmp/QuadControl.build/libraries/AP_InertialSensor/AP_InertialSensor_MPU6000.o
                0x0000000000008b4e                _ZN25AP_InertialSensor_MPU600014_register_readEh
 .text._ZN25AP_InertialSensor_MPU600011_data_readyEv
                0x0000000000008b92       0x30 /tmp/QuadControl.build/libraries/AP_InertialSensor/AP_InertialSensor_MPU6000.o
                0x0000000000008b92                _ZN25AP_InertialSensor_MPU600011_data_readyEv
 .text._ZN25AP_InertialSensor_MPU600010_poll_dataEv
                0x0000000000008bc2       0x40 /tmp/QuadControl.build/libraries/AP_InertialSensor/AP_InertialSensor_MPU6000.o
                0x0000000000008bc2                _ZN25AP_InertialSensor_MPU600010_poll_dataEv
 .text._ZN25AP_InertialSensor_MPU600015_register_writeEhh
                0x0000000000008c02       0x40 /tmp/QuadControl.build/libraries/AP_InertialSensor/AP_InertialSensor_MPU6000.o
                0x0000000000008c02                _ZN25AP_InertialSensor_MPU600015_register_writeEhh
 .text._ZN25AP_InertialSensor_MPU600020_set_filter_registerEh
                0x0000000000008c42       0x3e /tmp/QuadControl.build/libraries/AP_InertialSensor/AP_InertialSensor_MPU6000.o
                0x0000000000008c42                _ZN25AP_InertialSensor_MPU600020_set_filter_registerEh
 .text._ZN25AP_InertialSensor_MPU60006updateEv
                0x0000000000008c80      0x26a /tmp/QuadControl.build/libraries/AP_InertialSensor/AP_InertialSensor_MPU6000.o
                0x0000000000008c80                _ZN25AP_InertialSensor_MPU60006updateEv
 .text._ZN25AP_InertialSensor_MPU600014_hardware_initEv
                0x0000000000008eea      0x22c /tmp/QuadControl.build/libraries/AP_InertialSensor/AP_InertialSensor_MPU6000.o
                0x0000000000008eea                _ZN25AP_InertialSensor_MPU600014_hardware_initEv
 .text._ZN25AP_InertialSensor_MPU600012_init_sensorEv
                0x0000000000009116      0x186 /tmp/QuadControl.build/libraries/AP_InertialSensor/AP_InertialSensor_MPU6000.o
                0x0000000000009116                _ZN25AP_InertialSensor_MPU600012_init_sensorEv
 .text._ZN25AP_InertialSensor_MPU60006detectER17AP_InertialSensor
                0x000000000000929c       0x44 /tmp/QuadControl.build/libraries/AP_InertialSensor/AP_InertialSensor_MPU6000.o
                0x000000000000929c                _ZN25AP_InertialSensor_MPU60006detectER17AP_InertialSensor
 .text._ZN17AP_InertialSensorC2Ev
                0x00000000000092e0       0xca /tmp/QuadControl.build/libraries/AP_InertialSensor/AP_InertialSensor.o
                0x00000000000092e0                _ZN17AP_InertialSensorC2Ev
                0x00000000000092e0                _ZN17AP_InertialSensorC1Ev
 .text._ZN17AP_InertialSensor13register_gyroEv
                0x00000000000093aa       0x38 /tmp/QuadControl.build/libraries/AP_InertialSensor/AP_InertialSensor.o
                0x00000000000093aa                _ZN17AP_InertialSensor13register_gyroEv
 .text._ZN17AP_InertialSensor14register_accelEv
                0x00000000000093e2       0x38 /tmp/QuadControl.build/libraries/AP_InertialSensor/AP_InertialSensor.o
                0x00000000000093e2                _ZN17AP_InertialSensor14register_accelEv
 .text._ZN17AP_InertialSensor12_add_backendEPFP25AP_InertialSensor_BackendRS_E
                0x000000000000941a       0x6e /tmp/QuadControl.build/libraries/AP_InertialSensor/AP_InertialSensor.o
                0x000000000000941a                _ZN17AP_InertialSensor12_add_backendEPFP25AP_InertialSensor_BackendRS_E
 .text._ZN17AP_InertialSensor16_detect_backendsEv
                0x0000000000009488       0x4e /tmp/QuadControl.build/libraries/AP_InertialSensor/AP_InertialSensor.o
                0x0000000000009488                _ZN17AP_InertialSensor16_detect_backendsEv
 .text._ZN17AP_InertialSensor20check_3D_calibrationEv